Archive member included to satisfy reference by file (symbol)

D:\Clion_Project\Sentry_Edit\Middlewares\ST\ARM\DSP\Lib\libarm_cortexM4lf_math.a(arm_mat_trans_f32.o)
                              CMakeFiles/Sentry_Edit.elf.dir/components/algorithm/QuaternionEKF.c.obj (arm_mat_trans_f32)
D:\Clion_Project\Sentry_Edit\Middlewares\ST\ARM\DSP\Lib\libarm_cortexM4lf_math.a(arm_mat_sub_f32.o)
                              CMakeFiles/Sentry_Edit.elf.dir/components/algorithm/QuaternionEKF.c.obj (arm_mat_sub_f32)
D:\Clion_Project\Sentry_Edit\Middlewares\ST\ARM\DSP\Lib\libarm_cortexM4lf_math.a(arm_mat_mult_f32.o)
                              CMakeFiles/Sentry_Edit.elf.dir/components/algorithm/QuaternionEKF.c.obj (arm_mat_mult_f32)
D:\Clion_Project\Sentry_Edit\Middlewares\ST\ARM\DSP\Lib\libarm_cortexM4lf_math.a(arm_mat_inverse_f32.o)
                              CMakeFiles/Sentry_Edit.elf.dir/components/algorithm/QuaternionEKF.c.obj (arm_mat_inverse_f32)
D:\Clion_Project\Sentry_Edit\Middlewares\ST\ARM\DSP\Lib\libarm_cortexM4lf_math.a(arm_mat_init_f32.o)
                              CMakeFiles/Sentry_Edit.elf.dir/components/algorithm/QuaternionEKF.c.obj (arm_mat_init_f32)
D:\Clion_Project\Sentry_Edit\Middlewares\ST\ARM\DSP\Lib\libarm_cortexM4lf_math.a(arm_mat_add_f32.o)
                              CMakeFiles/Sentry_Edit.elf.dir/components/algorithm/QuaternionEKF.c.obj (arm_mat_add_f32)
D:\Clion_Project\Sentry_Edit\Middlewares\ST\ARM\DSP\Lib\libarm_cortexM4lf_math.a(arm_sin_f32.o)
                              CMakeFiles/Sentry_Edit.elf.dir/TASK/Chassis_task.c.obj (arm_sin_f32)
D:\Clion_Project\Sentry_Edit\Middlewares\ST\ARM\DSP\Lib\libarm_cortexM4lf_math.a(arm_cos_f32.o)
                              CMakeFiles/Sentry_Edit.elf.dir/TASK/Chassis_task.c.obj (arm_cos_f32)
D:\Clion_Project\Sentry_Edit\Middlewares\ST\ARM\DSP\Lib\libarm_cortexM4lf_math.a(arm_common_tables.o)
                              D:\Clion_Project\Sentry_Edit\Middlewares\ST\ARM\DSP\Lib\libarm_cortexM4lf_math.a(arm_sin_f32.o) (sinTable_f32)
c:/gcc-arm-none-eabi-10.3-2021.10/bin/../lib/gcc/arm-none-eabi/10.3.1/thumb/v7e-m+fp/hard\libgcc.a(_arm_muldf3.o)
                              CMakeFiles/Sentry_Edit.elf.dir/components/devices/transfer_function.c.obj (__aeabi_dmul)
c:/gcc-arm-none-eabi-10.3-2021.10/bin/../lib/gcc/arm-none-eabi/10.3.1/thumb/v7e-m+fp/hard\libgcc.a(_arm_addsubdf3.o)
                              CMakeFiles/Sentry_Edit.elf.dir/components/devices/transfer_function.c.obj (__aeabi_dsub)
c:/gcc-arm-none-eabi-10.3-2021.10/bin/../lib/gcc/arm-none-eabi/10.3.1/thumb/v7e-m+fp/hard\libgcc.a(_arm_muldivdf3.o)
                              CMakeFiles/Sentry_Edit.elf.dir/bsp/bsp_dwt.c.obj (__aeabi_ddiv)
c:/gcc-arm-none-eabi-10.3-2021.10/bin/../lib/gcc/arm-none-eabi/10.3.1/thumb/v7e-m+fp/hard\libgcc.a(_arm_truncdfsf2.o)
                              CMakeFiles/Sentry_Edit.elf.dir/components/controller/controller.c.obj (__aeabi_d2f)
c:/gcc-arm-none-eabi-10.3-2021.10/bin/../lib/gcc/arm-none-eabi/10.3.1/thumb/v7e-m+fp/hard\libgcc.a(_aeabi_uldivmod.o)
                              CMakeFiles/Sentry_Edit.elf.dir/Drivers/STM32F4xx_HAL_Driver/Src/stm32f4xx_hal_rcc.c.obj (__aeabi_uldivmod)
c:/gcc-arm-none-eabi-10.3-2021.10/bin/../lib/gcc/arm-none-eabi/10.3.1/thumb/v7e-m+fp/hard\libgcc.a(_udivmoddi4.o)
                              c:/gcc-arm-none-eabi-10.3-2021.10/bin/../lib/gcc/arm-none-eabi/10.3.1/thumb/v7e-m+fp/hard\libgcc.a(_aeabi_uldivmod.o) (__udivmoddi4)
c:/gcc-arm-none-eabi-10.3-2021.10/bin/../lib/gcc/arm-none-eabi/10.3.1/thumb/v7e-m+fp/hard\libgcc.a(_dvmd_tls.o)
                              c:/gcc-arm-none-eabi-10.3-2021.10/bin/../lib/gcc/arm-none-eabi/10.3.1/thumb/v7e-m+fp/hard\libgcc.a(_aeabi_uldivmod.o) (__aeabi_ldiv0)
c:/gcc-arm-none-eabi-10.3-2021.10/bin/../lib/gcc/arm-none-eabi/10.3.1/../../../../arm-none-eabi/lib/thumb/v7e-m+fp/hard\libg.a(lib_a-errno.o)
                              CMakeFiles/Sentry_Edit.elf.dir/Core/Src/syscalls.c.obj (__errno)
c:/gcc-arm-none-eabi-10.3-2021.10/bin/../lib/gcc/arm-none-eabi/10.3.1/../../../../arm-none-eabi/lib/thumb/v7e-m+fp/hard\libg.a(lib_a-exit.o)
                              c:/gcc-arm-none-eabi-10.3-2021.10/bin/../lib/gcc/arm-none-eabi/10.3.1/../../../../arm-none-eabi/lib/thumb/v7e-m+fp/hard/crt0.o (exit)
c:/gcc-arm-none-eabi-10.3-2021.10/bin/../lib/gcc/arm-none-eabi/10.3.1/../../../../arm-none-eabi/lib/thumb/v7e-m+fp/hard\libg.a(lib_a-impure.o)
                              c:/gcc-arm-none-eabi-10.3-2021.10/bin/../lib/gcc/arm-none-eabi/10.3.1/../../../../arm-none-eabi/lib/thumb/v7e-m+fp/hard\libg.a(lib_a-exit.o) (_global_impure_ptr)
c:/gcc-arm-none-eabi-10.3-2021.10/bin/../lib/gcc/arm-none-eabi/10.3.1/../../../../arm-none-eabi/lib/thumb/v7e-m+fp/hard\libg.a(lib_a-init.o)
                              c:/gcc-arm-none-eabi-10.3-2021.10/bin/../lib/gcc/arm-none-eabi/10.3.1/../../../../arm-none-eabi/lib/thumb/v7e-m+fp/hard/crt0.o (__libc_init_array)
[...]
Memory Configuration

Name             Origin             Length             Attributes
CCMRAM           0x10000000         0x00010000         xrw
RAM              0x20000000         0x00020000         xrw
FLASH            0x08000000         0x00100000         xr
*default*        0x00000000         0xffffffff

Linker script and memory map

LOAD c:/gcc-arm-none-eabi-10.3-2021.10/bin/../lib/gcc/arm-none-eabi/10.3.1/thumb/v7e-m+fp/hard/crti.o
LOAD c:/gcc-arm-none-eabi-10.3-2021.10/bin/../lib/gcc/arm-none-eabi/10.3.1/thumb/v7e-m+fp/hard/crtbegin.o
LOAD c:/gcc-arm-none-eabi-10.3-2021.10/bin/../lib/gcc/arm-none-eabi/10.3.1/../../../../arm-none-eabi/lib/thumb/v7e-m+fp/hard/crt0.o
LOAD CMakeFiles/Sentry_Edit.elf.dir/Core/Src/adc.c.obj
LOAD CMakeFiles/Sentry_Edit.elf.dir/Core/Src/can.c.obj
LOAD CMakeFiles/Sentry_Edit.elf.dir/Core/Src/dma.c.obj
LOAD CMakeFiles/Sentry_Edit.elf.dir/Core/Src/freertos.c.obj
LOAD CMakeFiles/Sentry_Edit.elf.dir/Core/Src/gpio.c.obj
LOAD CMakeFiles/Sentry_Edit.elf.dir/Core/Src/i2c.c.obj
LOAD CMakeFiles/Sentry_Edit.elf.dir/Core/Src/main.c.obj
LOAD CMakeFiles/Sentry_Edit.elf.dir/Core/Src/spi.c.obj
LOAD CMakeFiles/Sentry_Edit.elf.dir/Core/Src/stm32f4xx_hal_msp.c.obj
LOAD CMakeFiles/Sentry_Edit.elf.dir/Core/Src/stm32f4xx_hal_timebase_tim.c.obj
LOAD CMakeFiles/Sentry_Edit.elf.dir/Core/Src/stm32f4xx_it.c.obj
LOAD CMakeFiles/Sentry_Edit.elf.dir/Core/Src/syscalls.c.obj
LOAD CMakeFiles/Sentry_Edit.elf.dir/Core/Src/sysmem.c.obj
LOAD CMakeFiles/Sentry_Edit.elf.dir/Core/Src/system_stm32f4xx.c.obj
LOAD CMakeFiles/Sentry_Edit.elf.dir/Core/Src/tim.c.obj
LOAD CMakeFiles/Sentry_Edit.elf.dir/Core/Src/usart.c.obj
LOAD CMakeFiles/Sentry_Edit.elf.dir/Core/Startup/startup_stm32f407ighx.s.obj
LOAD CMakeFiles/Sentry_Edit.elf.dir/Drivers/STM32F4xx_HAL_Driver/Src/stm32f4xx_hal.c.obj
LOAD CMakeFiles/Sentry_Edit.elf.dir/Drivers/STM32F4xx_HAL_Driver/Src/stm32f4xx_hal_adc.c.obj
LOAD CMakeFiles/Sentry_Edit.elf.dir/Drivers/STM32F4xx_HAL_Driver/Src/stm32f4xx_hal_adc_ex.c.obj
LOAD CMakeFiles/Sentry_Edit.elf.dir/Drivers/STM32F4xx_HAL_Driver/Src/stm32f4xx_hal_can.c.obj
LOAD CMakeFiles/Sentry_Edit.elf.dir/Drivers/STM32F4xx_HAL_Driver/Src/stm32f4xx_hal_cortex.c.obj
LOAD CMakeFiles/Sentry_Edit.elf.dir/Drivers/STM32F4xx_HAL_Driver/Src/stm32f4xx_hal_dma.c.obj
LOAD CMakeFiles/Sentry_Edit.elf.dir/Drivers/STM32F4xx_HAL_Driver/Src/stm32f4xx_hal_dma_ex.c.obj
LOAD CMakeFiles/Sentry_Edit.elf.dir/Drivers/STM32F4xx_HAL_Driver/Src/stm32f4xx_hal_exti.c.obj
LOAD CMakeFiles/Sentry_Edit.elf.dir/Drivers/STM32F4xx_HAL_Driver/Src/stm32f4xx_hal_flash.c.obj
LOAD CMakeFiles/Sentry_Edit.elf.dir/Drivers/STM32F4xx_HAL_Driver/Src/stm32f4xx_hal_flash_ex.c.obj
LOAD CMakeFiles/Sentry_Edit.elf.dir/Drivers/STM32F4xx_HAL_Driver/Src/stm32f4xx_hal_flash_ramfunc.c.obj
LOAD CMakeFiles/Sentry_Edit.elf.dir/Drivers/STM32F4xx_HAL_Driver/Src/stm32f4xx_hal_gpio.c.obj
LOAD CMakeFiles/Sentry_Edit.elf.dir/Drivers/STM32F4xx_HAL_Driver/Src/stm32f4xx_hal_i2c.c.obj
LOAD CMakeFiles/Sentry_Edit.elf.dir/Drivers/STM32F4xx_HAL_Driver/Src/stm32f4xx_hal_i2c_ex.c.obj
LOAD CMakeFiles/Sentry_Edit.elf.dir/Drivers/STM32F4xx_HAL_Driver/Src/stm32f4xx_hal_pcd.c.obj
LOAD CMakeFiles/Sentry_Edit.elf.dir/Drivers/STM32F4xx_HAL_Driver/Src/stm32f4xx_hal_pcd_ex.c.obj
LOAD CMakeFiles/Sentry_Edit.elf.dir/Drivers/STM32F4xx_HAL_Driver/Src/stm32f4xx_hal_pwr.c.obj
LOAD CMakeFiles/Sentry_Edit.elf.dir/Drivers/STM32F4xx_HAL_Driver/Src/stm32f4xx_hal_pwr_ex.c.obj
LOAD CMakeFiles/Sentry_Edit.elf.dir/Drivers/STM32F4xx_HAL_Driver/Src/stm32f4xx_hal_rcc.c.obj
LOAD CMakeFiles/Sentry_Edit.elf.dir/Drivers/STM32F4xx_HAL_Driver/Src/stm32f4xx_hal_rcc_ex.c.obj
LOAD CMakeFiles/Sentry_Edit.elf.dir/Drivers/STM32F4xx_HAL_Driver/Src/stm32f4xx_hal_spi.c.obj
LOAD CMakeFiles/Sentry_Edit.elf.dir/Drivers/STM32F4xx_HAL_Driver/Src/stm32f4xx_hal_tim.c.obj
LOAD CMakeFiles/Sentry_Edit.elf.dir/Drivers/STM32F4xx_HAL_Driver/Src/stm32f4xx_hal_tim_ex.c.obj
LOAD CMakeFiles/Sentry_Edit.elf.dir/Drivers/STM32F4xx_HAL_Driver/Src/stm32f4xx_hal_uart.c.obj
LOAD CMakeFiles/Sentry_Edit.elf.dir/Drivers/STM32F4xx_HAL_Driver/Src/stm32f4xx_ll_adc.c.obj
LOAD CMakeFiles/Sentry_Edit.elf.dir/Drivers/STM32F4xx_HAL_Driver/Src/stm32f4xx_ll_usb.c.obj
LOAD CMakeFiles/Sentry_Edit.elf.dir/Middlewares/ST/STM32_USB_Device_Library/Class/CDC/Src/usbd_cdc.c.obj
LOAD CMakeFiles/Sentry_Edit.elf.dir/Middlewares/ST/STM32_USB_Device_Library/Core/Src/usbd_core.c.obj
LOAD CMakeFiles/Sentry_Edit.elf.dir/Middlewares/ST/STM32_USB_Device_Library/Core/Src/usbd_ctlreq.c.obj
LOAD CMakeFiles/Sentry_Edit.elf.dir/Middlewares/ST/STM32_USB_Device_Library/Core/Src/usbd_ioreq.c.obj
LOAD CMakeFiles/Sentry_Edit.elf.dir/Middlewares/Third_Party/FreeRTOS/Source/CMSIS_RTOS/cmsis_os.c.obj
LOAD CMakeFiles/Sentry_Edit.elf.dir/Middlewares/Third_Party/FreeRTOS/Source/croutine.c.obj
LOAD CMakeFiles/Sentry_Edit.elf.dir/Middlewares/Third_Party/FreeRTOS/Source/event_groups.c.obj
LOAD CMakeFiles/Sentry_Edit.elf.dir/Middlewares/Third_Party/FreeRTOS/Source/list.c.obj
LOAD CMakeFiles/Sentry_Edit.elf.dir/Middlewares/Third_Party/FreeRTOS/Source/portable/GCC/ARM_CM4F/port.c.obj
LOAD CMakeFiles/Sentry_Edit.elf.dir/Middlewares/Third_Party/FreeRTOS/Source/portable/MemMang/heap_4.c.obj
LOAD CMakeFiles/Sentry_Edit.elf.dir/Middlewares/Third_Party/FreeRTOS/Source/queue.c.obj
LOAD CMakeFiles/Sentry_Edit.elf.dir/Middlewares/Third_Party/FreeRTOS/Source/stream_buffer.c.obj
LOAD CMakeFiles/Sentry_Edit.elf.dir/Middlewares/Third_Party/FreeRTOS/Source/tasks.c.obj
LOAD CMakeFiles/Sentry_Edit.elf.dir/Middlewares/Third_Party/FreeRTOS/Source/timers.c.obj
LOAD CMakeFiles/Sentry_Edit.elf.dir/TASK/Buzzer_task.c.obj
LOAD CMakeFiles/Sentry_Edit.elf.dir/TASK/Calibrate_task.c.obj
LOAD CMakeFiles/Sentry_Edit.elf.dir/TASK/Chassis_task.c.obj
LOAD CMakeFiles/Sentry_Edit.elf.dir/TASK/Detect_left_task.c.obj
LOAD CMakeFiles/Sentry_Edit.elf.dir/TASK/Detect_right_task.c.obj
LOAD CMakeFiles/Sentry_Edit.elf.dir/TASK/Gimbal_task.c.obj
LOAD CMakeFiles/Sentry_Edit.elf.dir/TASK/INS_task.c.obj
LOAD CMakeFiles/Sentry_Edit.elf.dir/TASK/Information_task.c.obj
LOAD CMakeFiles/Sentry_Edit.elf.dir/TASK/Referee_usart_task.c.obj
LOAD CMakeFiles/Sentry_Edit.elf.dir/TASK/Shoot_task.c.obj
LOAD CMakeFiles/Sentry_Edit.elf.dir/TASK/Super_cap_Task.c.obj
LOAD CMakeFiles/Sentry_Edit.elf.dir/TASK/USB_task.c.obj
LOAD CMakeFiles/Sentry_Edit.elf.dir/USB_DEVICE/App/usb_device.c.obj
LOAD CMakeFiles/Sentry_Edit.elf.dir/USB_DEVICE/App/usbd_cdc_if.c.obj
LOAD CMakeFiles/Sentry_Edit.elf.dir/USB_DEVICE/App/usbd_desc.c.obj
LOAD CMakeFiles/Sentry_Edit.elf.dir/USB_DEVICE/Target/usbd_conf.c.obj
LOAD CMakeFiles/Sentry_Edit.elf.dir/application/CAN_receive.c.obj
LOAD CMakeFiles/Sentry_Edit.elf.dir/application/referee.c.obj
LOAD CMakeFiles/Sentry_Edit.elf.dir/application/remote_control.c.obj
LOAD CMakeFiles/Sentry_Edit.elf.dir/bsp/bsp_PWM.c.obj
LOAD CMakeFiles/Sentry_Edit.elf.dir/bsp/bsp_adc.c.obj
LOAD CMakeFiles/Sentry_Edit.elf.dir/bsp/bsp_can.c.obj
LOAD CMakeFiles/Sentry_Edit.elf.dir/bsp/bsp_delay.c.obj
LOAD CMakeFiles/Sentry_Edit.elf.dir/bsp/bsp_dwt.c.obj
LOAD CMakeFiles/Sentry_Edit.elf.dir/bsp/bsp_fric.c.obj
LOAD CMakeFiles/Sentry_Edit.elf.dir/bsp/bsp_i2c.c.obj
LOAD CMakeFiles/Sentry_Edit.elf.dir/bsp/bsp_imu_pwm.c.obj
LOAD CMakeFiles/Sentry_Edit.elf.dir/bsp/bsp_rc.c.obj
LOAD CMakeFiles/Sentry_Edit.elf.dir/bsp/bsp_spi.c.obj
LOAD CMakeFiles/Sentry_Edit.elf.dir/bsp/bsp_super_cap.c.obj
LOAD CMakeFiles/Sentry_Edit.elf.dir/bsp/bsp_usart.c.obj
LOAD CMakeFiles/Sentry_Edit.elf.dir/components/algorithm/QuaternionEKF.c.obj
LOAD CMakeFiles/Sentry_Edit.elf.dir/components/algorithm/kalman.c.obj
LOAD CMakeFiles/Sentry_Edit.elf.dir/components/algorithm/kalman_filter.c.obj
LOAD CMakeFiles/Sentry_Edit.elf.dir/components/algorithm/user_lib.c.obj
LOAD CMakeFiles/Sentry_Edit.elf.dir/components/controller/controller.c.obj
LOAD CMakeFiles/Sentry_Edit.elf.dir/components/controller/pid.c.obj
LOAD CMakeFiles/Sentry_Edit.elf.dir/components/devices/BMI088Middleware.c.obj
LOAD CMakeFiles/Sentry_Edit.elf.dir/components/devices/BMI088driver.c.obj
LOAD CMakeFiles/Sentry_Edit.elf.dir/components/devices/transfer_function.c.obj
LOAD CMakeFiles/Sentry_Edit.elf.dir/components/support/CRC8_CRC16.c.obj
LOAD CMakeFiles/Sentry_Edit.elf.dir/components/support/fifo.c.obj
LOAD CMakeFiles/Sentry_Edit.elf.dir/components/support/mem_mang4.c.obj
LOAD CMakeFiles/Sentry_Edit.elf.dir/user/SerialDebug.c.obj
LOAD CMakeFiles/Sentry_Edit.elf.dir/user/dm_motor_drv.c.obj
LOAD CMakeFiles/Sentry_Edit.elf.dir/user/vofa.c.obj
LOAD D:\Clion_Project\Sentry_Edit\Middlewares\ST\ARM\DSP\Lib\libarm_cortexM4lf_math.a
START GROUP
LOAD c:/gcc-arm-none-eabi-10.3-2021.10/bin/../lib/gcc/arm-none-eabi/10.3.1/thumb/v7e-m+fp/hard\libgcc.a
LOAD c:/gcc-arm-none-eabi-10.3-2021.10/bin/../lib/gcc/arm-none-eabi/10.3.1/../../../../arm-none-eabi/lib/thumb/v7e-m+fp/hard\libg.a
LOAD c:/gcc-arm-none-eabi-10.3-2021.10/bin/../lib/gcc/arm-none-eabi/10.3.1/../../../../arm-none-eabi/lib/thumb/v7e-m+fp/hard\libc.a
END GROUP
LOAD c:/gcc-arm-none-eabi-10.3-2021.10/bin/../lib/gcc/arm-none-eabi/10.3.1/thumb/v7e-m+fp/hard/crtend.o
LOAD c:/gcc-arm-none-eabi-10.3-2021.10/bin/../lib/gcc/arm-none-eabi/10.3.1/thumb/v7e-m+fp/hard/crtn.o
                0x20020000                _estack = (ORIGIN (RAM) + LENGTH (RAM))
                0x00008000                _Min_Heap_Size = 0x8000
                0x00008000                _Min_Stack_Size = 0x8000

.isr_vector     0x08000000      0x188
                0x08000000                . = ALIGN (0x4)
 *(.isr_vector)
 .isr_vector    0x08000000      0x188 CMakeFiles/Sentry_Edit.elf.dir/Core/Startup/startup_stm32f407ighx.s.obj
                0x08000000                g_pfnVectors
                0x08000188                . = ALIGN (0x4)

.text           0x08000190    0x13510
                0x08000190                . = ALIGN (0x4)
 *(.text)
 .text          0x08000190       0x40 c:/gcc-arm-none-eabi-10.3-2021.10/bin/../lib/gcc/arm-none-eabi/10.3.1/thumb/v7e-m+fp/hard/crtbegin.o
 .text          0x080001d0       0x30 c:/gcc-arm-none-eabi-10.3-2021.10/bin/../lib/gcc/arm-none-eabi/10.3.1/thumb/v7e-m+fp/hard\libgcc.a(_aeabi_uldivmod.o)
                0x080001d0                __aeabi_uldivmod
 .text          0x08000200      0x2d0 c:/gcc-arm-none-eabi-10.3-2021.10/bin/../lib/gcc/arm-none-eabi/10.3.1/thumb/v7e-m+fp/hard\libgcc.a(_udivmoddi4.o)
                0x08000200                __udivmoddi4
 .text          0x080004d0        0x4 c:/gcc-arm-none-eabi-10.3-2021.10/bin/../lib/gcc/arm-none-eabi/10.3.1/thumb/v7e-m+fp/hard\libgcc.a(_dvmd_tls.o)
                0x080004d0                __aeabi_idiv0
                0x080004d0                __aeabi_ldiv0
 .text          0x080004d4      0x134 c:/gcc-arm-none-eabi-10.3-2021.10/bin/../lib/gcc/arm-none-eabi/10.3.1/../../../../arm-none-eabi/lib/thumb/v7e-m+fp/hard\libg.a(lib_a-memcpy.o)
                0x080004d4                memcpy
 *(.text*)
 .text.MX_ADC1_Init
                0x08000608       0x70 CMakeFiles/Sentry_Edit.elf.dir/Core/Src/adc.c.obj
                0x08000608                MX_ADC1_Init
 .text.MX_ADC3_Init
                0x08000678       0x70 CMakeFiles/Sentry_Edit.elf.dir/Core/Src/adc.c.obj
                0x08000678                MX_ADC3_Init
 .text.HAL_ADC_MspInit
                0x080006e8       0x90 CMakeFiles/Sentry_Edit.elf.dir/Core/Src/adc.c.obj
                0x080006e8                HAL_ADC_MspInit
 .text.MX_CAN1_Init
                0x08000778       0x40 CMakeFiles/Sentry_Edit.elf.dir/Core/Src/can.c.obj
                0x08000778                MX_CAN1_Init
 .text.MX_CAN2_Init
                0x080007b8       0x40 CMakeFiles/Sentry_Edit.elf.dir/Core/Src/can.c.obj
                0x080007b8                MX_CAN2_Init
 .text.HAL_CAN_MspInit
                0x080007f8      0x140 CMakeFiles/Sentry_Edit.elf.dir/Core/Src/can.c.obj
                0x080007f8                HAL_CAN_MspInit
 .text.MX_DMA_Init
                0x08000938       0xa8 CMakeFiles/Sentry_Edit.elf.dir/Core/Src/dma.c.obj
                0x08000938                MX_DMA_Init
 .text.StartINSTask
                0x080009e0       0x30 CMakeFiles/Sentry_Edit.elf.dir/Core/Src/freertos.c.obj
                0x080009e0                StartINSTask
 .text.vApplicationGetIdleTaskMemory
                0x08000a10       0x18 CMakeFiles/Sentry_Edit.elf.dir/Core/Src/freertos.c.obj
                0x08000a10                vApplicationGetIdleTaskMemory
 .text.vApplicationGetTimerTaskMemory
                0x08000a28       0x18 CMakeFiles/Sentry_Edit.elf.dir/Core/Src/freertos.c.obj
                0x08000a28                vApplicationGetTimerTaskMemory
 .text.MX_FREERTOS_Init
                0x08000a40      0x1c4 CMakeFiles/Sentry_Edit.elf.dir/Core/Src/freertos.c.obj
                0x08000a40                MX_FREERTOS_Init
 .text.MX_GPIO_Init
                0x08000c04      0x1d4 CMakeFiles/Sentry_Edit.elf.dir/Core/Src/gpio.c.obj
                0x08000c04                MX_GPIO_Init
 .text.MX_I2C1_Init
                0x08000dd8       0x3c CMakeFiles/Sentry_Edit.elf.dir/Core/Src/i2c.c.obj
                0x08000dd8                MX_I2C1_Init
 .text.MX_I2C3_Init
                0x08000e14       0x3c CMakeFiles/Sentry_Edit.elf.dir/Core/Src/i2c.c.obj
                0x08000e14                MX_I2C3_Init
 .text.HAL_I2C_MspInit
                0x08000e50      0x10c CMakeFiles/Sentry_Edit.elf.dir/Core/Src/i2c.c.obj
                0x08000e50                HAL_I2C_MspInit
 .text.HAL_TIM_PeriodElapsedCallback
                0x08000f5c       0x12 CMakeFiles/Sentry_Edit.elf.dir/Core/Src/main.c.obj
                0x08000f5c                HAL_TIM_PeriodElapsedCallback
 .text.Error_Handler
                0x08000f6e        0x4 CMakeFiles/Sentry_Edit.elf.dir/Core/Src/main.c.obj
                0x08000f6e                Error_Handler
 *fill*         0x08000f72        0x2 
 .text.SystemClock_Config
                0x08000f74       0xa8 CMakeFiles/Sentry_Edit.elf.dir/Core/Src/main.c.obj
                0x08000f74                SystemClock_Config
 .text.main     0x0800101c       0x84 CMakeFiles/Sentry_Edit.elf.dir/Core/Src/main.c.obj
                0x0800101c                main
 .text.MX_SPI1_Init
                0x080010a0       0x48 CMakeFiles/Sentry_Edit.elf.dir/Core/Src/spi.c.obj
                0x080010a0                MX_SPI1_Init
 .text.HAL_SPI_MspInit
                0x080010e8      0x130 CMakeFiles/Sentry_Edit.elf.dir/Core/Src/spi.c.obj
                0x080010e8                HAL_SPI_MspInit
 .text.HAL_MspInit
                0x08001218       0x44 CMakeFiles/Sentry_Edit.elf.dir/Core/Src/stm32f4xx_hal_msp.c.obj
                0x08001218                HAL_MspInit
 .text.HAL_InitTick
                0x0800125c       0xa4 CMakeFiles/Sentry_Edit.elf.dir/Core/Src/stm32f4xx_hal_timebase_tim.c.obj
                0x0800125c                HAL_InitTick
 .text.NMI_Handler
                0x08001300        0x2 CMakeFiles/Sentry_Edit.elf.dir/Core/Src/stm32f4xx_it.c.obj
                0x08001300                NMI_Handler
 .text.HardFault_Handler
                0x08001302        0x2 CMakeFiles/Sentry_Edit.elf.dir/Core/Src/stm32f4xx_it.c.obj
                0x08001302                HardFault_Handler
 .text.MemManage_Handler
                0x08001304        0x2 CMakeFiles/Sentry_Edit.elf.dir/Core/Src/stm32f4xx_it.c.obj
                0x08001304                MemManage_Handler
 .text.BusFault_Handler
                0x08001306        0x2 CMakeFiles/Sentry_Edit.elf.dir/Core/Src/stm32f4xx_it.c.obj
                0x08001306                BusFault_Handler
 .text.UsageFault_Handler
                0x08001308        0x2 CMakeFiles/Sentry_Edit.elf.dir/Core/Src/stm32f4xx_it.c.obj
                0x08001308                UsageFault_Handler
 .text.DebugMon_Handler
                0x0800130a        0x2 CMakeFiles/Sentry_Edit.elf.dir/Core/Src/stm32f4xx_it.c.obj
                0x0800130a                DebugMon_Handler
 .text.EXTI3_IRQHandler
                0x0800130c        0xa CMakeFiles/Sentry_Edit.elf.dir/Core/Src/stm32f4xx_it.c.obj
                0x0800130c                EXTI3_IRQHandler
 .text.EXTI4_IRQHandler
                0x08001316        0xa CMakeFiles/Sentry_Edit.elf.dir/Core/Src/stm32f4xx_it.c.obj
                0x08001316                EXTI4_IRQHandler
 .text.DMA1_Stream1_IRQHandler
                0x08001320       0x10 CMakeFiles/Sentry_Edit.elf.dir/Core/Src/stm32f4xx_it.c.obj
                0x08001320                DMA1_Stream1_IRQHandler
 .text.CAN1_RX0_IRQHandler
                0x08001330       0x18 CMakeFiles/Sentry_Edit.elf.dir/Core/Src/stm32f4xx_it.c.obj
                0x08001330                CAN1_RX0_IRQHandler
 .text.CAN1_RX1_IRQHandler
                0x08001348       0x10 CMakeFiles/Sentry_Edit.elf.dir/Core/Src/stm32f4xx_it.c.obj
                0x08001348                CAN1_RX1_IRQHandler
 .text.EXTI9_5_IRQHandler
                0x08001358        0xa CMakeFiles/Sentry_Edit.elf.dir/Core/Src/stm32f4xx_it.c.obj
                0x08001358                EXTI9_5_IRQHandler
 *fill*         0x08001362        0x2 
 .text.TIM2_IRQHandler
                0x08001364       0x10 CMakeFiles/Sentry_Edit.elf.dir/Core/Src/stm32f4xx_it.c.obj
                0x08001364                TIM2_IRQHandler
 .text.USART1_IRQHandler
                0x08001374       0x64 CMakeFiles/Sentry_Edit.elf.dir/Core/Src/stm32f4xx_it.c.obj
                0x08001374                USART1_IRQHandler
 .text.DMA2_Stream1_IRQHandler
                0x080013d8       0x10 CMakeFiles/Sentry_Edit.elf.dir/Core/Src/stm32f4xx_it.c.obj
                0x080013d8                DMA2_Stream1_IRQHandler
 .text.CAN2_RX0_IRQHandler
                0x080013e8       0x18 CMakeFiles/Sentry_Edit.elf.dir/Core/Src/stm32f4xx_it.c.obj
                0x080013e8                CAN2_RX0_IRQHandler
 .text.CAN2_RX1_IRQHandler
                0x08001400       0x10 CMakeFiles/Sentry_Edit.elf.dir/Core/Src/stm32f4xx_it.c.obj
                0x08001400                CAN2_RX1_IRQHandler
 .text.OTG_FS_IRQHandler
                0x08001410       0x10 CMakeFiles/Sentry_Edit.elf.dir/Core/Src/stm32f4xx_it.c.obj
                0x08001410                OTG_FS_IRQHandler
 .text.DMA2_Stream5_IRQHandler
                0x08001420       0x10 CMakeFiles/Sentry_Edit.elf.dir/Core/Src/stm32f4xx_it.c.obj
                0x08001420                DMA2_Stream5_IRQHandler
 .text.DMA2_Stream6_IRQHandler
                0x08001430       0x10 CMakeFiles/Sentry_Edit.elf.dir/Core/Src/stm32f4xx_it.c.obj
                0x08001430                DMA2_Stream6_IRQHandler
 .text.DMA2_Stream7_IRQHandler
                0x08001440       0x10 CMakeFiles/Sentry_Edit.elf.dir/Core/Src/stm32f4xx_it.c.obj
                0x08001440                DMA2_Stream7_IRQHandler
 .text._sbrk    0x08001450       0x48 CMakeFiles/Sentry_Edit.elf.dir/Core/Src/sysmem.c.obj
                0x08001450                _sbrk
 .text.SystemInit
                0x08001498       0x14 CMakeFiles/Sentry_Edit.elf.dir/Core/Src/system_stm32f4xx.c.obj
                0x08001498                SystemInit
 .text.HAL_TIM_Base_MspInit
                0x080014ac       0x9c CMakeFiles/Sentry_Edit.elf.dir/Core/Src/tim.c.obj
                0x080014ac                HAL_TIM_Base_MspInit
 .text.HAL_TIM_MspPostInit
                0x08001548      0x124 CMakeFiles/Sentry_Edit.elf.dir/Core/Src/tim.c.obj
                0x08001548                HAL_TIM_MspPostInit
 .text.MX_TIM1_Init
                0x0800166c      0x120 CMakeFiles/Sentry_Edit.elf.dir/Core/Src/tim.c.obj
                0x0800166c                MX_TIM1_Init
 .text.MX_TIM4_Init
                0x0800178c       0xb0 CMakeFiles/Sentry_Edit.elf.dir/Core/Src/tim.c.obj
                0x0800178c                MX_TIM4_Init
 .text.MX_TIM8_Init
                0x0800183c      0x10c CMakeFiles/Sentry_Edit.elf.dir/Core/Src/tim.c.obj
                0x0800183c                MX_TIM8_Init
 .text.MX_TIM10_Init
                0x08001948       0x74 CMakeFiles/Sentry_Edit.elf.dir/Core/Src/tim.c.obj
                0x08001948                MX_TIM10_Init
 .text.timer_init
                0x080019bc       0x60 CMakeFiles/Sentry_Edit.elf.dir/Core/Src/tim.c.obj
                0x080019bc                timer_init
 .text.MX_USART1_UART_Init
                0x08001a1c       0x34 CMakeFiles/Sentry_Edit.elf.dir/Core/Src/usart.c.obj
                0x08001a1c                MX_USART1_UART_Init
 .text.MX_USART3_UART_Init
                0x08001a50       0x38 CMakeFiles/Sentry_Edit.elf.dir/Core/Src/usart.c.obj
                0x08001a50                MX_USART3_UART_Init
 .text.MX_USART6_UART_Init
                0x08001a88       0x34 CMakeFiles/Sentry_Edit.elf.dir/Core/Src/usart.c.obj
                0x08001a88                MX_USART6_UART_Init
 .text.HAL_UART_MspInit
                0x08001abc      0x2c8 CMakeFiles/Sentry_Edit.elf.dir/Core/Src/usart.c.obj
                0x08001abc                HAL_UART_MspInit
 .text.Reset_Handler
                0x08001d84       0x50 CMakeFiles/Sentry_Edit.elf.dir/Core/Startup/startup_stm32f407ighx.s.obj
                0x08001d84                Reset_Handler
 .text.Default_Handler
                0x08001dd4        0x2 CMakeFiles/Sentry_Edit.elf.dir/Core/Startup/startup_stm32f407ighx.s.obj
                0x08001dd4                RTC_Alarm_IRQHandler
                0x08001dd4                HASH_RNG_IRQHandler
                0x08001dd4                EXTI2_IRQHandler
                0x08001dd4                TIM8_CC_IRQHandler
                0x08001dd4                TIM1_CC_IRQHandler
                0x08001dd4                DMA1_Stream5_IRQHandler
                0x08001dd4                PVD_IRQHandler
                0x08001dd4                SDIO_IRQHandler
                0x08001dd4                TAMP_STAMP_IRQHandler
                0x08001dd4                TIM8_TRG_COM_TIM14_IRQHandler
                0x08001dd4                TIM1_UP_TIM10_IRQHandler
                0x08001dd4                TIM8_UP_TIM13_IRQHandler
                0x08001dd4                I2C3_ER_IRQHandler
                0x08001dd4                EXTI0_IRQHandler
                0x08001dd4                I2C2_EV_IRQHandler
                0x08001dd4                DMA1_Stream2_IRQHandler
                0x08001dd4                FPU_IRQHandler
                0x08001dd4                OTG_HS_WKUP_IRQHandler
                0x08001dd4                CAN2_SCE_IRQHandler
                0x08001dd4                DMA2_Stream2_IRQHandler
                0x08001dd4                SPI1_IRQHandler
                0x08001dd4                TIM6_DAC_IRQHandler
                0x08001dd4                TIM1_BRK_TIM9_IRQHandler
                0x08001dd4                DCMI_IRQHandler
                0x08001dd4                DMA2_Stream3_IRQHandler
                0x08001dd4                UART5_IRQHandler
                0x08001dd4                DMA2_Stream0_IRQHandler
                0x08001dd4                TIM4_IRQHandler
                0x08001dd4                I2C1_EV_IRQHandler
                0x08001dd4                DMA1_Stream6_IRQHandler
                0x08001dd4                UART4_IRQHandler
                0x08001dd4                TIM3_IRQHandler
                0x08001dd4                RCC_IRQHandler
                0x08001dd4                TIM8_BRK_TIM12_IRQHandler
                0x08001dd4                Default_Handler
                0x08001dd4                EXTI15_10_IRQHandler
                0x08001dd4                ADC_IRQHandler
                0x08001dd4                DMA1_Stream7_IRQHandler
                0x08001dd4                TIM7_IRQHandler
                0x08001dd4                CAN2_TX_IRQHandler
                0x08001dd4                TIM5_IRQHandler
                0x08001dd4                I2C3_EV_IRQHandler
                0x08001dd4                RTC_WKUP_IRQHandler
                0x08001dd4                ETH_WKUP_IRQHandler
                0x08001dd4                SPI2_IRQHandler
                0x08001dd4                OTG_HS_EP1_IN_IRQHandler
                0x08001dd4                DMA1_Stream0_IRQHandler
                0x08001dd4                CAN1_TX_IRQHandler
                0x08001dd4                FSMC_IRQHandler
                0x08001dd4                ETH_IRQHandler
                0x08001dd4                OTG_HS_EP1_OUT_IRQHandler
                0x08001dd4                WWDG_IRQHandler
                0x08001dd4                OTG_FS_WKUP_IRQHandler
                0x08001dd4                TIM1_TRG_COM_TIM11_IRQHandler
                0x08001dd4                OTG_HS_IRQHandler
                0x08001dd4                EXTI1_IRQHandler
                0x08001dd4                USART2_IRQHandler
                0x08001dd4                I2C2_ER_IRQHandler
                0x08001dd4                CAN1_SCE_IRQHandler
                0x08001dd4                FLASH_IRQHandler
                0x08001dd4                DMA2_Stream4_IRQHandler
                0x08001dd4                SPI3_IRQHandler
                0x08001dd4                DMA1_Stream4_IRQHandler
                0x08001dd4                I2C1_ER_IRQHandler
                0x08001dd4                DMA1_Stream3_IRQHandler
 *fill*         0x08001dd6        0x2 
 .text.HAL_Init
                0x08001dd8       0x34 CMakeFiles/Sentry_Edit.elf.dir/Drivers/STM32F4xx_HAL_Driver/Src/stm32f4xx_hal.c.obj
                0x08001dd8                HAL_Init
 .text.HAL_IncTick
                0x08001e0c       0x18 CMakeFiles/Sentry_Edit.elf.dir/Drivers/STM32F4xx_HAL_Driver/Src/stm32f4xx_hal.c.obj
                0x08001e0c                HAL_IncTick
 .text.HAL_GetTick
                0x08001e24        0xc CMakeFiles/Sentry_Edit.elf.dir/Drivers/STM32F4xx_HAL_Driver/Src/stm32f4xx_hal.c.obj
                0x08001e24                HAL_GetTick
 .text.HAL_Delay
                0x08001e30       0x28 CMakeFiles/Sentry_Edit.elf.dir/Drivers/STM32F4xx_HAL_Driver/Src/stm32f4xx_hal.c.obj
                0x08001e30                HAL_Delay
 .text.ADC_Init
                0x08001e58      0x134 CMakeFiles/Sentry_Edit.elf.dir/Drivers/STM32F4xx_HAL_Driver/Src/stm32f4xx_hal_adc.c.obj
 .text.HAL_ADC_Init
                0x08001f8c       0x56 CMakeFiles/Sentry_Edit.elf.dir/Drivers/STM32F4xx_HAL_Driver/Src/stm32f4xx_hal_adc.c.obj
                0x08001f8c                HAL_ADC_Init
 *fill*         0x08001fe2        0x2 
 .text.HAL_ADC_Start
                0x08001fe4      0x144 CMakeFiles/Sentry_Edit.elf.dir/Drivers/STM32F4xx_HAL_Driver/Src/stm32f4xx_hal_adc.c.obj
                0x08001fe4                HAL_ADC_Start
 .text.HAL_ADC_PollForConversion
                0x08002128       0xb8 CMakeFiles/Sentry_Edit.elf.dir/Drivers/STM32F4xx_HAL_Driver/Src/stm32f4xx_hal_adc.c.obj
                0x08002128                HAL_ADC_PollForConversion
 .text.HAL_ADC_GetValue
                0x080021e0        0x6 CMakeFiles/Sentry_Edit.elf.dir/Drivers/STM32F4xx_HAL_Driver/Src/stm32f4xx_hal_adc.c.obj
                0x080021e0                HAL_ADC_GetValue
 *fill*         0x080021e6        0x2 
 .text.HAL_ADC_ConfigChannel
                0x080021e8      0x198 CMakeFiles/Sentry_Edit.elf.dir/Drivers/STM32F4xx_HAL_Driver/Src/stm32f4xx_hal_adc.c.obj
                0x080021e8                HAL_ADC_ConfigChannel
 .text.HAL_CAN_Init
                0x08002380      0x14c CMakeFiles/Sentry_Edit.elf.dir/Drivers/STM32F4xx_HAL_Driver/Src/stm32f4xx_hal_can.c.obj
                0x08002380                HAL_CAN_Init
 .text.HAL_CAN_ConfigFilter
                0x080024cc      0x138 CMakeFiles/Sentry_Edit.elf.dir/Drivers/STM32F4xx_HAL_Driver/Src/stm32f4xx_hal_can.c.obj
                0x080024cc                HAL_CAN_ConfigFilter
 .text.HAL_CAN_Start
                0x08002604       0x5c CMakeFiles/Sentry_Edit.elf.dir/Drivers/STM32F4xx_HAL_Driver/Src/stm32f4xx_hal_can.c.obj
                0x08002604                HAL_CAN_Start
 .text.HAL_CAN_AddTxMessage
                0x08002660       0xfc CMakeFiles/Sentry_Edit.elf.dir/Drivers/STM32F4xx_HAL_Driver/Src/stm32f4xx_hal_can.c.obj
                0x08002660                HAL_CAN_AddTxMessage
 .text.HAL_CAN_GetRxMessage
                0x0800275c      0x14a CMakeFiles/Sentry_Edit.elf.dir/Drivers/STM32F4xx_HAL_Driver/Src/stm32f4xx_hal_can.c.obj
                0x0800275c                HAL_CAN_GetRxMessage
 .text.HAL_CAN_ActivateNotification
                0x080028a6       0x24 CMakeFiles/Sentry_Edit.elf.dir/Drivers/STM32F4xx_HAL_Driver/Src/stm32f4xx_hal_can.c.obj
                0x080028a6                HAL_CAN_ActivateNotification
 .text.HAL_CAN_TxMailbox0CompleteCallback
                0x080028ca        0x2 CMakeFiles/Sentry_Edit.elf.dir/Drivers/STM32F4xx_HAL_Driver/Src/stm32f4xx_hal_can.c.obj
                0x080028ca                HAL_CAN_TxMailbox0CompleteCallback
 .text.HAL_CAN_TxMailbox1CompleteCallback
                0x080028cc        0x2 CMakeFiles/Sentry_Edit.elf.dir/Drivers/STM32F4xx_HAL_Driver/Src/stm32f4xx_hal_can.c.obj
                0x080028cc                HAL_CAN_TxMailbox1CompleteCallback
 .text.HAL_CAN_TxMailbox2CompleteCallback
                0x080028ce        0x2 CMakeFiles/Sentry_Edit.elf.dir/Drivers/STM32F4xx_HAL_Driver/Src/stm32f4xx_hal_can.c.obj
                0x080028ce                HAL_CAN_TxMailbox2CompleteCallback
 .text.HAL_CAN_TxMailbox0AbortCallback
                0x080028d0        0x2 CMakeFiles/Sentry_Edit.elf.dir/Drivers/STM32F4xx_HAL_Driver/Src/stm32f4xx_hal_can.c.obj
                0x080028d0                HAL_CAN_TxMailbox0AbortCallback
 .text.HAL_CAN_TxMailbox1AbortCallback
                0x080028d2        0x2 CMakeFiles/Sentry_Edit.elf.dir/Drivers/STM32F4xx_HAL_Driver/Src/stm32f4xx_hal_can.c.obj
                0x080028d2                HAL_CAN_TxMailbox1AbortCallback
 .text.HAL_CAN_TxMailbox2AbortCallback
                0x080028d4        0x2 CMakeFiles/Sentry_Edit.elf.dir/Drivers/STM32F4xx_HAL_Driver/Src/stm32f4xx_hal_can.c.obj
                0x080028d4                HAL_CAN_TxMailbox2AbortCallback
 .text.HAL_CAN_RxFifo0MsgPendingCallback
                0x080028d6        0x2 CMakeFiles/Sentry_Edit.elf.dir/Drivers/STM32F4xx_HAL_Driver/Src/stm32f4xx_hal_can.c.obj
                0x080028d6                HAL_CAN_RxFifo0MsgPendingCallback
 .text.HAL_CAN_RxFifo0FullCallback
                0x080028d8        0x2 CMakeFiles/Sentry_Edit.elf.dir/Drivers/STM32F4xx_HAL_Driver/Src/stm32f4xx_hal_can.c.obj
                0x080028d8                HAL_CAN_RxFifo0FullCallback
 .text.HAL_CAN_RxFifo1MsgPendingCallback
                0x080028da        0x2 CMakeFiles/Sentry_Edit.elf.dir/Drivers/STM32F4xx_HAL_Driver/Src/stm32f4xx_hal_can.c.obj
                0x080028da                HAL_CAN_RxFifo1MsgPendingCallback
 .text.HAL_CAN_RxFifo1FullCallback
                0x080028dc        0x2 CMakeFiles/Sentry_Edit.elf.dir/Drivers/STM32F4xx_HAL_Driver/Src/stm32f4xx_hal_can.c.obj
                0x080028dc                HAL_CAN_RxFifo1FullCallback
 .text.HAL_CAN_SleepCallback
                0x080028de        0x2 CMakeFiles/Sentry_Edit.elf.dir/Drivers/STM32F4xx_HAL_Driver/Src/stm32f4xx_hal_can.c.obj
                0x080028de                HAL_CAN_SleepCallback
 .text.HAL_CAN_WakeUpFromRxMsgCallback
                0x080028e0        0x2 CMakeFiles/Sentry_Edit.elf.dir/Drivers/STM32F4xx_HAL_Driver/Src/stm32f4xx_hal_can.c.obj
                0x080028e0                HAL_CAN_WakeUpFromRxMsgCallback
 .text.HAL_CAN_ErrorCallback
                0x080028e2        0x2 CMakeFiles/Sentry_Edit.elf.dir/Drivers/STM32F4xx_HAL_Driver/Src/stm32f4xx_hal_can.c.obj
                0x080028e2                HAL_CAN_ErrorCallback
 .text.HAL_CAN_IRQHandler
                0x080028e4      0x24a CMakeFiles/Sentry_Edit.elf.dir/Drivers/STM32F4xx_HAL_Driver/Src/stm32f4xx_hal_can.c.obj
                0x080028e4                HAL_CAN_IRQHandler
 *fill*         0x08002b2e        0x2 
 .text.HAL_NVIC_SetPriorityGrouping
                0x08002b30       0x24 CMakeFiles/Sentry_Edit.elf.dir/Drivers/STM32F4xx_HAL_Driver/Src/stm32f4xx_hal_cortex.c.obj
                0x08002b30                HAL_NVIC_SetPriorityGrouping
 .text.HAL_NVIC_SetPriority
                0x08002b54       0x70 CMakeFiles/Sentry_Edit.elf.dir/Drivers/STM32F4xx_HAL_Driver/Src/stm32f4xx_hal_cortex.c.obj
                0x08002b54                HAL_NVIC_SetPriority
 .text.HAL_NVIC_EnableIRQ
                0x08002bc4       0x1c CMakeFiles/Sentry_Edit.elf.dir/Drivers/STM32F4xx_HAL_Driver/Src/stm32f4xx_hal_cortex.c.obj
                0x08002bc4                HAL_NVIC_EnableIRQ
 .text.DMA_SetConfig
                0x08002be0       0x2c CMakeFiles/Sentry_Edit.elf.dir/Drivers/STM32F4xx_HAL_Driver/Src/stm32f4xx_hal_dma.c.obj
 .text.DMA_CalcBaseAndBitshift
                0x08002c0c       0x44 CMakeFiles/Sentry_Edit.elf.dir/Drivers/STM32F4xx_HAL_Driver/Src/stm32f4xx_hal_dma.c.obj
 .text.DMA_CheckFifoParam
                0x08002c50       0x8e CMakeFiles/Sentry_Edit.elf.dir/Drivers/STM32F4xx_HAL_Driver/Src/stm32f4xx_hal_dma.c.obj
 *fill*         0x08002cde        0x2 
 .text.HAL_DMA_Init
                0x08002ce0       0xcc CMakeFiles/Sentry_Edit.elf.dir/Drivers/STM32F4xx_HAL_Driver/Src/stm32f4xx_hal_dma.c.obj
                0x08002ce0                HAL_DMA_Init
 .text.HAL_DMA_Start_IT
                0x08002dac       0x6a CMakeFiles/Sentry_Edit.elf.dir/Drivers/STM32F4xx_HAL_Driver/Src/stm32f4xx_hal_dma.c.obj
                0x08002dac                HAL_DMA_Start_IT
 .text.HAL_DMA_Abort
                0x08002e16       0x94 CMakeFiles/Sentry_Edit.elf.dir/Drivers/STM32F4xx_HAL_Driver/Src/stm32f4xx_hal_dma.c.obj
                0x08002e16                HAL_DMA_Abort
 .text.HAL_DMA_Abort_IT
                0x08002eaa       0x26 CMakeFiles/Sentry_Edit.elf.dir/Drivers/STM32F4xx_HAL_Driver/Src/stm32f4xx_hal_dma.c.obj
                0x08002eaa                HAL_DMA_Abort_IT
 .text.HAL_DMA_IRQHandler
                0x08002ed0      0x1dc CMakeFiles/Sentry_Edit.elf.dir/Drivers/STM32F4xx_HAL_Driver/Src/stm32f4xx_hal_dma.c.obj
                0x08002ed0                HAL_DMA_IRQHandler
 .text.HAL_GPIO_Init
                0x080030ac      0x1e4 CMakeFiles/Sentry_Edit.elf.dir/Drivers/STM32F4xx_HAL_Driver/Src/stm32f4xx_hal_gpio.c.obj
                0x080030ac                HAL_GPIO_Init
 .text.HAL_GPIO_WritePin
                0x08003290        0xc CMakeFiles/Sentry_Edit.elf.dir/Drivers/STM32F4xx_HAL_Driver/Src/stm32f4xx_hal_gpio.c.obj
                0x08003290                HAL_GPIO_WritePin
 .text.HAL_GPIO_TogglePin
                0x0800329c       0x12 CMakeFiles/Sentry_Edit.elf.dir/Drivers/STM32F4xx_HAL_Driver/Src/stm32f4xx_hal_gpio.c.obj
                0x0800329c                HAL_GPIO_TogglePin
 .text.HAL_GPIO_EXTI_Callback
                0x080032ae        0x2 CMakeFiles/Sentry_Edit.elf.dir/Drivers/STM32F4xx_HAL_Driver/Src/stm32f4xx_hal_gpio.c.obj
                0x080032ae                HAL_GPIO_EXTI_Callback
 .text.HAL_GPIO_EXTI_IRQHandler
                0x080032b0       0x1c CMakeFiles/Sentry_Edit.elf.dir/Drivers/STM32F4xx_HAL_Driver/Src/stm32f4xx_hal_gpio.c.obj
                0x080032b0                HAL_GPIO_EXTI_IRQHandler
 .text.HAL_I2C_Init
                0x080032cc      0x1bc CMakeFiles/Sentry_Edit.elf.dir/Drivers/STM32F4xx_HAL_Driver/Src/stm32f4xx_hal_i2c.c.obj
                0x080032cc                HAL_I2C_Init
 .text.PCD_WriteEmptyTxFifo
                0x08003488       0xd0 CMakeFiles/Sentry_Edit.elf.dir/Drivers/STM32F4xx_HAL_Driver/Src/stm32f4xx_hal_pcd.c.obj
 .text.HAL_PCD_Init
                0x08003558      0x12e CMakeFiles/Sentry_Edit.elf.dir/Drivers/STM32F4xx_HAL_Driver/Src/stm32f4xx_hal_pcd.c.obj
                0x08003558                HAL_PCD_Init
 .text.HAL_PCD_Start
                0x08003686       0x42 CMakeFiles/Sentry_Edit.elf.dir/Drivers/STM32F4xx_HAL_Driver/Src/stm32f4xx_hal_pcd.c.obj
                0x08003686                HAL_PCD_Start
 .text.PCD_EP_OutXfrComplete_int
                0x080036c8      0x104 CMakeFiles/Sentry_Edit.elf.dir/Drivers/STM32F4xx_HAL_Driver/Src/stm32f4xx_hal_pcd.c.obj
 .text.PCD_EP_OutSetupPacket_int
                0x080037cc       0x50 CMakeFiles/Sentry_Edit.elf.dir/Drivers/STM32F4xx_HAL_Driver/Src/stm32f4xx_hal_pcd.c.obj
 .text.HAL_PCD_SetAddress
                0x0800381c       0x28 CMakeFiles/Sentry_Edit.elf.dir/Drivers/STM32F4xx_HAL_Driver/Src/stm32f4xx_hal_pcd.c.obj
                0x0800381c                HAL_PCD_SetAddress
 .text.HAL_PCD_EP_Open
                0x08003844       0x8a CMakeFiles/Sentry_Edit.elf.dir/Drivers/STM32F4xx_HAL_Driver/Src/stm32f4xx_hal_pcd.c.obj
                0x08003844                HAL_PCD_EP_Open
 .text.HAL_PCD_EP_Close
                0x080038ce       0x72 CMakeFiles/Sentry_Edit.elf.dir/Drivers/STM32F4xx_HAL_Driver/Src/stm32f4xx_hal_pcd.c.obj
                0x080038ce                HAL_PCD_EP_Close
 .text.HAL_PCD_EP_Receive
                0x08003940       0x5e CMakeFiles/Sentry_Edit.elf.dir/Drivers/STM32F4xx_HAL_Driver/Src/stm32f4xx_hal_pcd.c.obj
                0x08003940                HAL_PCD_EP_Receive
 .text.HAL_PCD_EP_GetRxCount
                0x0800399e       0x12 CMakeFiles/Sentry_Edit.elf.dir/Drivers/STM32F4xx_HAL_Driver/Src/stm32f4xx_hal_pcd.c.obj
                0x0800399e                HAL_PCD_EP_GetRxCount
 .text.HAL_PCD_EP_Transmit
                0x080039b0       0x5e CMakeFiles/Sentry_Edit.elf.dir/Drivers/STM32F4xx_HAL_Driver/Src/stm32f4xx_hal_pcd.c.obj
                0x080039b0                HAL_PCD_EP_Transmit
 .text.HAL_PCD_EP_SetStall
                0x08003a0e       0x88 CMakeFiles/Sentry_Edit.elf.dir/Drivers/STM32F4xx_HAL_Driver/Src/stm32f4xx_hal_pcd.c.obj
                0x08003a0e                HAL_PCD_EP_SetStall
 .text.HAL_PCD_EP_ClrStall
                0x08003a96       0x76 CMakeFiles/Sentry_Edit.elf.dir/Drivers/STM32F4xx_HAL_Driver/Src/stm32f4xx_hal_pcd.c.obj
                0x08003a96                HAL_PCD_EP_ClrStall
 .text.HAL_PCD_EP_Abort
                0x08003b0c       0x34 CMakeFiles/Sentry_Edit.elf.dir/Drivers/STM32F4xx_HAL_Driver/Src/stm32f4xx_hal_pcd.c.obj
                0x08003b0c                HAL_PCD_EP_Abort
 .text.HAL_PCD_IRQHandler
                0x08003b40      0x5c4 CMakeFiles/Sentry_Edit.elf.dir/Drivers/STM32F4xx_HAL_Driver/Src/stm32f4xx_hal_pcd.c.obj
                0x08003b40                HAL_PCD_IRQHandler
 .text.HAL_PCDEx_SetTxFiFo
                0x08004104       0x4c CMakeFiles/Sentry_Edit.elf.dir/Drivers/STM32F4xx_HAL_Driver/Src/stm32f4xx_hal_pcd_ex.c.obj
                0x08004104                HAL_PCDEx_SetTxFiFo
 .text.HAL_PCDEx_SetRxFiFo
                0x08004150        0x8 CMakeFiles/Sentry_Edit.elf.dir/Drivers/STM32F4xx_HAL_Driver/Src/stm32f4xx_hal_pcd_ex.c.obj
                0x08004150                HAL_PCDEx_SetRxFiFo
 .text.HAL_PCDEx_LPM_Callback
                0x08004158        0x2 CMakeFiles/Sentry_Edit.elf.dir/Drivers/STM32F4xx_HAL_Driver/Src/stm32f4xx_hal_pcd_ex.c.obj
                0x08004158                HAL_PCDEx_LPM_Callback
 *fill*         0x0800415a        0x2 
 .text.HAL_RCC_OscConfig
                0x0800415c      0x3f8 CMakeFiles/Sentry_Edit.elf.dir/Drivers/STM32F4xx_HAL_Driver/Src/stm32f4xx_hal_rcc.c.obj
                0x0800415c                HAL_RCC_OscConfig
 .text.HAL_RCC_GetSysClockFreq
                0x08004554       0xa4 CMakeFiles/Sentry_Edit.elf.dir/Drivers/STM32F4xx_HAL_Driver/Src/stm32f4xx_hal_rcc.c.obj
                0x08004554                HAL_RCC_GetSysClockFreq
 .text.HAL_RCC_ClockConfig
                0x080045f8      0x160 CMakeFiles/Sentry_Edit.elf.dir/Drivers/STM32F4xx_HAL_Driver/Src/stm32f4xx_hal_rcc.c.obj
                0x080045f8                HAL_RCC_ClockConfig
 .text.HAL_RCC_GetHCLKFreq
                0x08004758        0xc CMakeFiles/Sentry_Edit.elf.dir/Drivers/STM32F4xx_HAL_Driver/Src/stm32f4xx_hal_rcc.c.obj
                0x08004758                HAL_RCC_GetHCLKFreq
 .text.HAL_RCC_GetPCLK1Freq
                0x08004764       0x20 CMakeFiles/Sentry_Edit.elf.dir/Drivers/STM32F4xx_HAL_Driver/Src/stm32f4xx_hal_rcc.c.obj
                0x08004764                HAL_RCC_GetPCLK1Freq
 .text.HAL_RCC_GetPCLK2Freq
                0x08004784       0x20 CMakeFiles/Sentry_Edit.elf.dir/Drivers/STM32F4xx_HAL_Driver/Src/stm32f4xx_hal_rcc.c.obj
                0x08004784                HAL_RCC_GetPCLK2Freq
 .text.HAL_RCC_GetClockConfig
                0x080047a4       0x3c CMakeFiles/Sentry_Edit.elf.dir/Drivers/STM32F4xx_HAL_Driver/Src/stm32f4xx_hal_rcc.c.obj
                0x080047a4                HAL_RCC_GetClockConfig
 .text.SPI_WaitFlagStateUntilTimeout
                0x080047e0       0xd4 CMakeFiles/Sentry_Edit.elf.dir/Drivers/STM32F4xx_HAL_Driver/Src/stm32f4xx_hal_spi.c.obj
 .text.SPI_EndRxTxTransaction
                0x080048b4       0x68 CMakeFiles/Sentry_Edit.elf.dir/Drivers/STM32F4xx_HAL_Driver/Src/stm32f4xx_hal_spi.c.obj
 .text.HAL_SPI_Init
                0x0800491c       0xbe CMakeFiles/Sentry_Edit.elf.dir/Drivers/STM32F4xx_HAL_Driver/Src/stm32f4xx_hal_spi.c.obj
                0x0800491c                HAL_SPI_Init
 .text.HAL_SPI_TransmitReceive
                0x080049da      0x238 CMakeFiles/Sentry_Edit.elf.dir/Drivers/STM32F4xx_HAL_Driver/Src/stm32f4xx_hal_spi.c.obj
                0x080049da                HAL_SPI_TransmitReceive
 *fill*         0x08004c12        0x2 
 .text.TIM_OC1_SetConfig
                0x08004c14       0x68 CMakeFiles/Sentry_Edit.elf.dir/Drivers/STM32F4xx_HAL_Driver/Src/stm32f4xx_hal_tim.c.obj
 .text.TIM_OC3_SetConfig
                0x08004c7c       0x70 CMakeFiles/Sentry_Edit.elf.dir/Drivers/STM32F4xx_HAL_Driver/Src/stm32f4xx_hal_tim.c.obj
 .text.TIM_OC4_SetConfig
                0x08004cec       0x50 CMakeFiles/Sentry_Edit.elf.dir/Drivers/STM32F4xx_HAL_Driver/Src/stm32f4xx_hal_tim.c.obj
 .text.TIM_TI1_ConfigInputStage
                0x08004d3c       0x26 CMakeFiles/Sentry_Edit.elf.dir/Drivers/STM32F4xx_HAL_Driver/Src/stm32f4xx_hal_tim.c.obj
 .text.TIM_TI2_ConfigInputStage
                0x08004d62       0x28 CMakeFiles/Sentry_Edit.elf.dir/Drivers/STM32F4xx_HAL_Driver/Src/stm32f4xx_hal_tim.c.obj
 .text.TIM_ITRx_SetConfig
                0x08004d8a       0x10 CMakeFiles/Sentry_Edit.elf.dir/Drivers/STM32F4xx_HAL_Driver/Src/stm32f4xx_hal_tim.c.obj
 *fill*         0x08004d9a        0x2 
 .text.HAL_TIM_Base_Start_IT
                0x08004d9c       0x88 CMakeFiles/Sentry_Edit.elf.dir/Drivers/STM32F4xx_HAL_Driver/Src/stm32f4xx_hal_tim.c.obj
                0x08004d9c                HAL_TIM_Base_Start_IT
 .text.HAL_TIM_PWM_MspInit
                0x08004e24        0x2 CMakeFiles/Sentry_Edit.elf.dir/Drivers/STM32F4xx_HAL_Driver/Src/stm32f4xx_hal_tim.c.obj
                0x08004e24                HAL_TIM_PWM_MspInit
 .text.HAL_TIM_OC_DelayElapsedCallback
                0x08004e26        0x2 CMakeFiles/Sentry_Edit.elf.dir/Drivers/STM32F4xx_HAL_Driver/Src/stm32f4xx_hal_tim.c.obj
                0x08004e26                HAL_TIM_OC_DelayElapsedCallback
 .text.HAL_TIM_IC_CaptureCallback
                0x08004e28        0x2 CMakeFiles/Sentry_Edit.elf.dir/Drivers/STM32F4xx_HAL_Driver/Src/stm32f4xx_hal_tim.c.obj
                0x08004e28                HAL_TIM_IC_CaptureCallback
 .text.HAL_TIM_PWM_PulseFinishedCallback
                0x08004e2a        0x2 CMakeFiles/Sentry_Edit.elf.dir/Drivers/STM32F4xx_HAL_Driver/Src/stm32f4xx_hal_tim.c.obj
                0x08004e2a                HAL_TIM_PWM_PulseFinishedCallback
 .text.HAL_TIM_TriggerCallback
                0x08004e2c        0x2 CMakeFiles/Sentry_Edit.elf.dir/Drivers/STM32F4xx_HAL_Driver/Src/stm32f4xx_hal_tim.c.obj
                0x08004e2c                HAL_TIM_TriggerCallback
 .text.HAL_TIM_IRQHandler
                0x08004e2e      0x17a CMakeFiles/Sentry_Edit.elf.dir/Drivers/STM32F4xx_HAL_Driver/Src/stm32f4xx_hal_tim.c.obj
                0x08004e2e                HAL_TIM_IRQHandler
 .text.TIM_Base_SetConfig
                0x08004fa8       0xc8 CMakeFiles/Sentry_Edit.elf.dir/Drivers/STM32F4xx_HAL_Driver/Src/stm32f4xx_hal_tim.c.obj
                0x08004fa8                TIM_Base_SetConfig
 .text.HAL_TIM_Base_Init
                0x08005070       0x58 CMakeFiles/Sentry_Edit.elf.dir/Drivers/STM32F4xx_HAL_Driver/Src/stm32f4xx_hal_tim.c.obj
                0x08005070                HAL_TIM_Base_Init
 .text.HAL_TIM_PWM_Init
                0x080050c8       0x58 CMakeFiles/Sentry_Edit.elf.dir/Drivers/STM32F4xx_HAL_Driver/Src/stm32f4xx_hal_tim.c.obj
                0x080050c8                HAL_TIM_PWM_Init
 .text.TIM_OC2_SetConfig
                0x08005120       0x70 CMakeFiles/Sentry_Edit.elf.dir/Drivers/STM32F4xx_HAL_Driver/Src/stm32f4xx_hal_tim.c.obj
                0x08005120                TIM_OC2_SetConfig
 .text.HAL_TIM_PWM_ConfigChannel
                0x08005190       0xdc CMakeFiles/Sentry_Edit.elf.dir/Drivers/STM32F4xx_HAL_Driver/Src/stm32f4xx_hal_tim.c.obj
                0x08005190                HAL_TIM_PWM_ConfigChannel
 .text.TIM_ETR_SetConfig
                0x0800526c       0x1a CMakeFiles/Sentry_Edit.elf.dir/Drivers/STM32F4xx_HAL_Driver/Src/stm32f4xx_hal_tim.c.obj
                0x0800526c                TIM_ETR_SetConfig
 .text.HAL_TIM_ConfigClockSource
                0x08005286       0xfe CMakeFiles/Sentry_Edit.elf.dir/Drivers/STM32F4xx_HAL_Driver/Src/stm32f4xx_hal_tim.c.obj
                0x08005286                HAL_TIM_ConfigClockSource
 .text.TIM_CCxChannelCmd
                0x08005384       0x1e CMakeFiles/Sentry_Edit.elf.dir/Drivers/STM32F4xx_HAL_Driver/Src/stm32f4xx_hal_tim.c.obj
                0x08005384                TIM_CCxChannelCmd
 *fill*         0x080053a2        0x2 
 .text.HAL_TIM_PWM_Start
                0x080053a4      0x104 CMakeFiles/Sentry_Edit.elf.dir/Drivers/STM32F4xx_HAL_Driver/Src/stm32f4xx_hal_tim.c.obj
                0x080053a4                HAL_TIM_PWM_Start
 .text.HAL_TIMEx_MasterConfigSynchronization
                0x080054a8       0x8c CMakeFiles/Sentry_Edit.elf.dir/Drivers/STM32F4xx_HAL_Driver/Src/stm32f4xx_hal_tim_ex.c.obj
                0x080054a8                HAL_TIMEx_MasterConfigSynchronization
 .text.HAL_TIMEx_ConfigBreakDeadTime
                0x08005534       0x52 CMakeFiles/Sentry_Edit.elf.dir/Drivers/STM32F4xx_HAL_Driver/Src/stm32f4xx_hal_tim_ex.c.obj
                0x08005534                HAL_TIMEx_ConfigBreakDeadTime
 .text.HAL_TIMEx_CommutCallback
                0x08005586        0x2 CMakeFiles/Sentry_Edit.elf.dir/Drivers/STM32F4xx_HAL_Driver/Src/stm32f4xx_hal_tim_ex.c.obj
                0x08005586                HAL_TIMEx_CommutCallback
 .text.HAL_TIMEx_BreakCallback
                0x08005588        0x2 CMakeFiles/Sentry_Edit.elf.dir/Drivers/STM32F4xx_HAL_Driver/Src/stm32f4xx_hal_tim_ex.c.obj
                0x08005588                HAL_TIMEx_BreakCallback
 .text.UART_EndTxTransfer
                0x0800558a       0x20 CMakeFiles/Sentry_Edit.elf.dir/Drivers/STM32F4xx_HAL_Driver/Src/stm32f4xx_hal_uart.c.obj
 .text.UART_EndRxTransfer
                0x080055aa       0x5c CMakeFiles/Sentry_Edit.elf.dir/Drivers/STM32F4xx_HAL_Driver/Src/stm32f4xx_hal_uart.c.obj
 .text.UART_Transmit_IT
                0x08005606       0x60 CMakeFiles/Sentry_Edit.elf.dir/Drivers/STM32F4xx_HAL_Driver/Src/stm32f4xx_hal_uart.c.obj
 *fill*         0x08005666        0x2 
 .text.UART_SetConfig
                0x08005668      0x110 CMakeFiles/Sentry_Edit.elf.dir/Drivers/STM32F4xx_HAL_Driver/Src/stm32f4xx_hal_uart.c.obj
 .text.HAL_UART_Init
                0x08005778       0x5e CMakeFiles/Sentry_Edit.elf.dir/Drivers/STM32F4xx_HAL_Driver/Src/stm32f4xx_hal_uart.c.obj
                0x08005778                HAL_UART_Init
 *fill*         0x080057d6        0x2 
 .text.HAL_UART_Transmit_DMA
                0x080057d8       0x9c CMakeFiles/Sentry_Edit.elf.dir/Drivers/STM32F4xx_HAL_Driver/Src/stm32f4xx_hal_uart.c.obj
                0x080057d8                HAL_UART_Transmit_DMA
 .text.HAL_UART_DMAStop
                0x08005874       0x84 CMakeFiles/Sentry_Edit.elf.dir/Drivers/STM32F4xx_HAL_Driver/Src/stm32f4xx_hal_uart.c.obj
                0x08005874                HAL_UART_DMAStop
 .text.HAL_UART_TxCpltCallback
                0x080058f8        0x2 CMakeFiles/Sentry_Edit.elf.dir/Drivers/STM32F4xx_HAL_Driver/Src/stm32f4xx_hal_uart.c.obj
                0x080058f8                HAL_UART_TxCpltCallback
 .text.UART_DMATransmitCplt
                0x080058fa       0x4c CMakeFiles/Sentry_Edit.elf.dir/Drivers/STM32F4xx_HAL_Driver/Src/stm32f4xx_hal_uart.c.obj
 .text.UART_EndTransmit_IT
                0x08005946       0x1a CMakeFiles/Sentry_Edit.elf.dir/Drivers/STM32F4xx_HAL_Driver/Src/stm32f4xx_hal_uart.c.obj
 .text.HAL_UART_TxHalfCpltCallback
                0x08005960        0x2 CMakeFiles/Sentry_Edit.elf.dir/Drivers/STM32F4xx_HAL_Driver/Src/stm32f4xx_hal_uart.c.obj
                0x08005960                HAL_UART_TxHalfCpltCallback
 .text.UART_DMATxHalfCplt
                0x08005962        0xa CMakeFiles/Sentry_Edit.elf.dir/Drivers/STM32F4xx_HAL_Driver/Src/stm32f4xx_hal_uart.c.obj
 .text.HAL_UART_RxCpltCallback
                0x0800596c        0x2 CMakeFiles/Sentry_Edit.elf.dir/Drivers/STM32F4xx_HAL_Driver/Src/stm32f4xx_hal_uart.c.obj
                0x0800596c                HAL_UART_RxCpltCallback
 .text.HAL_UART_RxHalfCpltCallback
                0x0800596e        0x2 CMakeFiles/Sentry_Edit.elf.dir/Drivers/STM32F4xx_HAL_Driver/Src/stm32f4xx_hal_uart.c.obj
                0x0800596e                HAL_UART_RxHalfCpltCallback
 .text.HAL_UART_ErrorCallback
                0x08005970        0x2 CMakeFiles/Sentry_Edit.elf.dir/Drivers/STM32F4xx_HAL_Driver/Src/stm32f4xx_hal_uart.c.obj
                0x08005970                HAL_UART_ErrorCallback
 .text.UART_DMAError
                0x08005972       0x58 CMakeFiles/Sentry_Edit.elf.dir/Drivers/STM32F4xx_HAL_Driver/Src/stm32f4xx_hal_uart.c.obj
 .text.UART_DMAAbortOnError
                0x080059ca       0x10 CMakeFiles/Sentry_Edit.elf.dir/Drivers/STM32F4xx_HAL_Driver/Src/stm32f4xx_hal_uart.c.obj
 .text.HAL_UARTEx_RxEventCallback
                0x080059da        0x2 CMakeFiles/Sentry_Edit.elf.dir/Drivers/STM32F4xx_HAL_Driver/Src/stm32f4xx_hal_uart.c.obj
                0x080059da                HAL_UARTEx_RxEventCallback
 .text.UART_Receive_IT
                0x080059dc       0xe2 CMakeFiles/Sentry_Edit.elf.dir/Drivers/STM32F4xx_HAL_Driver/Src/stm32f4xx_hal_uart.c.obj
 *fill*         0x08005abe        0x2 
 .text.HAL_UART_IRQHandler
                0x08005ac0      0x280 CMakeFiles/Sentry_Edit.elf.dir/Drivers/STM32F4xx_HAL_Driver/Src/stm32f4xx_hal_uart.c.obj
                0x08005ac0                HAL_UART_IRQHandler
 .text.UART_DMARxHalfCplt
                0x08005d40       0x1a CMakeFiles/Sentry_Edit.elf.dir/Drivers/STM32F4xx_HAL_Driver/Src/stm32f4xx_hal_uart.c.obj
 .text.UART_DMAReceiveCplt
                0x08005d5a       0x96 CMakeFiles/Sentry_Edit.elf.dir/Drivers/STM32F4xx_HAL_Driver/Src/stm32f4xx_hal_uart.c.obj
 .text.UART_Start_Receive_DMA
                0x08005df0       0xa8 CMakeFiles/Sentry_Edit.elf.dir/Drivers/STM32F4xx_HAL_Driver/Src/stm32f4xx_hal_uart.c.obj
                0x08005df0                UART_Start_Receive_DMA
 .text.HAL_UART_Receive_DMA
                0x08005e98       0x38 CMakeFiles/Sentry_Edit.elf.dir/Drivers/STM32F4xx_HAL_Driver/Src/stm32f4xx_hal_uart.c.obj
                0x08005e98                HAL_UART_Receive_DMA
 .text.USB_CoreReset
                0x08005ed0       0x50 CMakeFiles/Sentry_Edit.elf.dir/Drivers/STM32F4xx_HAL_Driver/Src/stm32f4xx_ll_usb.c.obj
 .text.USB_CoreInit
                0x08005f20       0x8a CMakeFiles/Sentry_Edit.elf.dir/Drivers/STM32F4xx_HAL_Driver/Src/stm32f4xx_ll_usb.c.obj
                0x08005f20                USB_CoreInit
 *fill*         0x08005faa        0x2 
 .text.USB_SetTurnaroundTime
                0x08005fac       0xe4 CMakeFiles/Sentry_Edit.elf.dir/Drivers/STM32F4xx_HAL_Driver/Src/stm32f4xx_ll_usb.c.obj
                0x08005fac                USB_SetTurnaroundTime
 .text.USB_EnableGlobalInt
                0x08006090        0xc CMakeFiles/Sentry_Edit.elf.dir/Drivers/STM32F4xx_HAL_Driver/Src/stm32f4xx_ll_usb.c.obj
                0x08006090                USB_EnableGlobalInt
 .text.USB_DisableGlobalInt
                0x0800609c        0xc CMakeFiles/Sentry_Edit.elf.dir/Drivers/STM32F4xx_HAL_Driver/Src/stm32f4xx_ll_usb.c.obj
                0x0800609c                USB_DisableGlobalInt
 .text.USB_FlushTxFifo
                0x080060a8       0x50 CMakeFiles/Sentry_Edit.elf.dir/Drivers/STM32F4xx_HAL_Driver/Src/stm32f4xx_ll_usb.c.obj
                0x080060a8                USB_FlushTxFifo
 .text.USB_FlushRxFifo
                0x080060f8       0x4c CMakeFiles/Sentry_Edit.elf.dir/Drivers/STM32F4xx_HAL_Driver/Src/stm32f4xx_ll_usb.c.obj
                0x080060f8                USB_FlushRxFifo
 .text.USB_SetDevSpeed
                0x08006144        0xe CMakeFiles/Sentry_Edit.elf.dir/Drivers/STM32F4xx_HAL_Driver/Src/stm32f4xx_ll_usb.c.obj
                0x08006144                USB_SetDevSpeed
 *fill*         0x08006152        0x2 
 .text.USB_DevInit
                0x08006154      0x190 CMakeFiles/Sentry_Edit.elf.dir/Drivers/STM32F4xx_HAL_Driver/Src/stm32f4xx_ll_usb.c.obj
                0x08006154                USB_DevInit
 .text.USB_GetDevSpeed
                0x080062e4       0x22 CMakeFiles/Sentry_Edit.elf.dir/Drivers/STM32F4xx_HAL_Driver/Src/stm32f4xx_ll_usb.c.obj
                0x080062e4                USB_GetDevSpeed
 .text.USB_ActivateEndpoint
                0x08006306       0x9c CMakeFiles/Sentry_Edit.elf.dir/Drivers/STM32F4xx_HAL_Driver/Src/stm32f4xx_ll_usb.c.obj
                0x08006306                USB_ActivateEndpoint
 *fill*         0x080063a2        0x2 
 .text.USB_DeactivateEndpoint
                0x080063a4       0xe0 CMakeFiles/Sentry_Edit.elf.dir/Drivers/STM32F4xx_HAL_Driver/Src/stm32f4xx_ll_usb.c.obj
                0x080063a4                USB_DeactivateEndpoint
 .text.USB_EP0StartXfer
                0x08006484      0x124 CMakeFiles/Sentry_Edit.elf.dir/Drivers/STM32F4xx_HAL_Driver/Src/stm32f4xx_ll_usb.c.obj
                0x08006484                USB_EP0StartXfer
 .text.USB_EPStopXfer
                0x080065a8       0xbe CMakeFiles/Sentry_Edit.elf.dir/Drivers/STM32F4xx_HAL_Driver/Src/stm32f4xx_ll_usb.c.obj
                0x080065a8                USB_EPStopXfer
 .text.USB_WritePacket
                0x08006666       0x2e CMakeFiles/Sentry_Edit.elf.dir/Drivers/STM32F4xx_HAL_Driver/Src/stm32f4xx_ll_usb.c.obj
                0x08006666                USB_WritePacket
 .text.USB_EPStartXfer
                0x08006694      0x234 CMakeFiles/Sentry_Edit.elf.dir/Drivers/STM32F4xx_HAL_Driver/Src/stm32f4xx_ll_usb.c.obj
                0x08006694                USB_EPStartXfer
 .text.USB_ReadPacket
                0x080068c8       0x54 CMakeFiles/Sentry_Edit.elf.dir/Drivers/STM32F4xx_HAL_Driver/Src/stm32f4xx_ll_usb.c.obj
                0x080068c8                USB_ReadPacket
 .text.USB_EPSetStall
                0x0800691c       0x5a CMakeFiles/Sentry_Edit.elf.dir/Drivers/STM32F4xx_HAL_Driver/Src/stm32f4xx_ll_usb.c.obj
                0x0800691c                USB_EPSetStall
 .text.USB_EPClearStall
                0x08006976       0x5c CMakeFiles/Sentry_Edit.elf.dir/Drivers/STM32F4xx_HAL_Driver/Src/stm32f4xx_ll_usb.c.obj
                0x08006976                USB_EPClearStall
 .text.USB_SetDevAddress
                0x080069d2       0x20 CMakeFiles/Sentry_Edit.elf.dir/Drivers/STM32F4xx_HAL_Driver/Src/stm32f4xx_ll_usb.c.obj
                0x080069d2                USB_SetDevAddress
 .text.USB_DevConnect
                0x080069f2       0x1c CMakeFiles/Sentry_Edit.elf.dir/Drivers/STM32F4xx_HAL_Driver/Src/stm32f4xx_ll_usb.c.obj
                0x080069f2                USB_DevConnect
 .text.USB_DevDisconnect
                0x08006a0e       0x1c CMakeFiles/Sentry_Edit.elf.dir/Drivers/STM32F4xx_HAL_Driver/Src/stm32f4xx_ll_usb.c.obj
                0x08006a0e                USB_DevDisconnect
 .text.USB_ReadInterrupts
                0x08006a2a        0x8 CMakeFiles/Sentry_Edit.elf.dir/Drivers/STM32F4xx_HAL_Driver/Src/stm32f4xx_ll_usb.c.obj
                0x08006a2a                USB_ReadInterrupts
 .text.USB_ReadDevAllOutEpInterrupt
                0x08006a32       0x10 CMakeFiles/Sentry_Edit.elf.dir/Drivers/STM32F4xx_HAL_Driver/Src/stm32f4xx_ll_usb.c.obj
                0x08006a32                USB_ReadDevAllOutEpInterrupt
 .text.USB_ReadDevAllInEpInterrupt
                0x08006a42       0x10 CMakeFiles/Sentry_Edit.elf.dir/Drivers/STM32F4xx_HAL_Driver/Src/stm32f4xx_ll_usb.c.obj
                0x08006a42                USB_ReadDevAllInEpInterrupt
 .text.USB_ReadDevOutEPInterrupt
                0x08006a52       0x12 CMakeFiles/Sentry_Edit.elf.dir/Drivers/STM32F4xx_HAL_Driver/Src/stm32f4xx_ll_usb.c.obj
                0x08006a52                USB_ReadDevOutEPInterrupt
 .text.USB_ReadDevInEPInterrupt
                0x08006a64       0x28 CMakeFiles/Sentry_Edit.elf.dir/Drivers/STM32F4xx_HAL_Driver/Src/stm32f4xx_ll_usb.c.obj
                0x08006a64                USB_ReadDevInEPInterrupt
 .text.USB_GetMode
                0x08006a8c        0x8 CMakeFiles/Sentry_Edit.elf.dir/Drivers/STM32F4xx_HAL_Driver/Src/stm32f4xx_ll_usb.c.obj
                0x08006a8c                USB_GetMode
 .text.USB_SetCurrentMode
                0x08006a94       0x62 CMakeFiles/Sentry_Edit.elf.dir/Drivers/STM32F4xx_HAL_Driver/Src/stm32f4xx_ll_usb.c.obj
                0x08006a94                USB_SetCurrentMode
 .text.USB_ActivateSetup
                0x08006af6       0x20 CMakeFiles/Sentry_Edit.elf.dir/Drivers/STM32F4xx_HAL_Driver/Src/stm32f4xx_ll_usb.c.obj
                0x08006af6                USB_ActivateSetup
 *fill*         0x08006b16        0x2 
 .text.USB_EP0_OutStart
                0x08006b18       0x60 CMakeFiles/Sentry_Edit.elf.dir/Drivers/STM32F4xx_HAL_Driver/Src/stm32f4xx_ll_usb.c.obj
                0x08006b18                USB_EP0_OutStart
 .text.USBD_CDC_EP0_RxReady
                0x08006b78       0x40 CMakeFiles/Sentry_Edit.elf.dir/Middlewares/ST/STM32_USB_Device_Library/Class/CDC/Src/usbd_cdc.c.obj
 .text.USBD_CDC_GetDeviceQualifierDescriptor
                0x08006bb8        0xc CMakeFiles/Sentry_Edit.elf.dir/Middlewares/ST/STM32_USB_Device_Library/Class/CDC/Src/usbd_cdc.c.obj
                0x08006bb8                USBD_CDC_GetDeviceQualifierDescriptor
 .text.USBD_CDC_GetOtherSpeedCfgDesc
                0x08006bc4       0x48 CMakeFiles/Sentry_Edit.elf.dir/Middlewares/ST/STM32_USB_Device_Library/Class/CDC/Src/usbd_cdc.c.obj
 .text.USBD_CDC_GetFSCfgDesc
                0x08006c0c       0x48 CMakeFiles/Sentry_Edit.elf.dir/Middlewares/ST/STM32_USB_Device_Library/Class/CDC/Src/usbd_cdc.c.obj
 .text.USBD_CDC_GetHSCfgDesc
                0x08006c54       0x48 CMakeFiles/Sentry_Edit.elf.dir/Middlewares/ST/STM32_USB_Device_Library/Class/CDC/Src/usbd_cdc.c.obj
 .text.USBD_CDC_DataOut
                0x08006c9c       0x38 CMakeFiles/Sentry_Edit.elf.dir/Middlewares/ST/STM32_USB_Device_Library/Class/CDC/Src/usbd_cdc.c.obj
 .text.USBD_CDC_DataIn
                0x08006cd4       0x7c CMakeFiles/Sentry_Edit.elf.dir/Middlewares/ST/STM32_USB_Device_Library/Class/CDC/Src/usbd_cdc.c.obj
 .text.USBD_CDC_Setup
                0x08006d50      0x11a CMakeFiles/Sentry_Edit.elf.dir/Middlewares/ST/STM32_USB_Device_Library/Class/CDC/Src/usbd_cdc.c.obj
 .text.USBD_CDC_DeInit
                0x08006e6a       0x64 CMakeFiles/Sentry_Edit.elf.dir/Middlewares/ST/STM32_USB_Device_Library/Class/CDC/Src/usbd_cdc.c.obj
 .text.USBD_CDC_Init
                0x08006ece       0xee CMakeFiles/Sentry_Edit.elf.dir/Middlewares/ST/STM32_USB_Device_Library/Class/CDC/Src/usbd_cdc.c.obj
 .text.USBD_CDC_RegisterInterface
                0x08006fbc       0x16 CMakeFiles/Sentry_Edit.elf.dir/Middlewares/ST/STM32_USB_Device_Library/Class/CDC/Src/usbd_cdc.c.obj
                0x08006fbc                USBD_CDC_RegisterInterface
 .text.USBD_CDC_SetTxBuffer
                0x08006fd2       0x1c CMakeFiles/Sentry_Edit.elf.dir/Middlewares/ST/STM32_USB_Device_Library/Class/CDC/Src/usbd_cdc.c.obj
                0x08006fd2                USBD_CDC_SetTxBuffer
 .text.USBD_CDC_SetRxBuffer
                0x08006fee       0x18 CMakeFiles/Sentry_Edit.elf.dir/Middlewares/ST/STM32_USB_Device_Library/Class/CDC/Src/usbd_cdc.c.obj
                0x08006fee                USBD_CDC_SetRxBuffer
 .text.USBD_CDC_TransmitPacket
                0x08007006       0x3a CMakeFiles/Sentry_Edit.elf.dir/Middlewares/ST/STM32_USB_Device_Library/Class/CDC/Src/usbd_cdc.c.obj
                0x08007006                USBD_CDC_TransmitPacket
 .text.USBD_CDC_ReceivePacket
                0x08007040       0x38 CMakeFiles/Sentry_Edit.elf.dir/Middlewares/ST/STM32_USB_Device_Library/Class/CDC/Src/usbd_cdc.c.obj
                0x08007040                USBD_CDC_ReceivePacket
 .text.USBD_Init
                0x08007078       0x2e CMakeFiles/Sentry_Edit.elf.dir/Middlewares/ST/STM32_USB_Device_Library/Core/Src/usbd_core.c.obj
                0x08007078                USBD_Init
 .text.USBD_RegisterClass
                0x080070a6       0x34 CMakeFiles/Sentry_Edit.elf.dir/Middlewares/ST/STM32_USB_Device_Library/Core/Src/usbd_core.c.obj
                0x080070a6                USBD_RegisterClass
 .text.USBD_Start
                0x080070da        0x8 CMakeFiles/Sentry_Edit.elf.dir/Middlewares/ST/STM32_USB_Device_Library/Core/Src/usbd_core.c.obj
                0x080070da                USBD_Start
 .text.USBD_SetClassConfig
                0x080070e2       0x12 CMakeFiles/Sentry_Edit.elf.dir/Middlewares/ST/STM32_USB_Device_Library/Core/Src/usbd_core.c.obj
                0x080070e2                USBD_SetClassConfig
 .text.USBD_ClrClassConfig
                0x080070f4       0x12 CMakeFiles/Sentry_Edit.elf.dir/Middlewares/ST/STM32_USB_Device_Library/Core/Src/usbd_core.c.obj
                0x080070f4                USBD_ClrClassConfig
 .text.USBD_LL_SetupStage
                0x08007106       0x58 CMakeFiles/Sentry_Edit.elf.dir/Middlewares/ST/STM32_USB_Device_Library/Core/Src/usbd_core.c.obj
                0x08007106                USBD_LL_SetupStage
 .text.USBD_LL_Reset
                0x0800715e       0x64 CMakeFiles/Sentry_Edit.elf.dir/Middlewares/ST/STM32_USB_Device_Library/Core/Src/usbd_core.c.obj
                0x0800715e                USBD_LL_Reset
 .text.USBD_LL_SetSpeed
                0x080071c2        0x6 CMakeFiles/Sentry_Edit.elf.dir/Middlewares/ST/STM32_USB_Device_Library/Core/Src/usbd_core.c.obj
                0x080071c2                USBD_LL_SetSpeed
 .text.USBD_LL_Suspend
                0x080071c8       0x14 CMakeFiles/Sentry_Edit.elf.dir/Middlewares/ST/STM32_USB_Device_Library/Core/Src/usbd_core.c.obj
                0x080071c8                USBD_LL_Suspend
 .text.USBD_LL_Resume
                0x080071dc       0x1a CMakeFiles/Sentry_Edit.elf.dir/Middlewares/ST/STM32_USB_Device_Library/Core/Src/usbd_core.c.obj
                0x080071dc                USBD_LL_Resume
 .text.USBD_LL_SOF
                0x080071f6       0x22 CMakeFiles/Sentry_Edit.elf.dir/Middlewares/ST/STM32_USB_Device_Library/Core/Src/usbd_core.c.obj
                0x080071f6                USBD_LL_SOF
 .text.USBD_LL_IsoINIncomplete
                0x08007218       0x2e CMakeFiles/Sentry_Edit.elf.dir/Middlewares/ST/STM32_USB_Device_Library/Core/Src/usbd_core.c.obj
                0x08007218                USBD_LL_IsoINIncomplete
 .text.USBD_LL_IsoOUTIncomplete
                0x08007246       0x2e CMakeFiles/Sentry_Edit.elf.dir/Middlewares/ST/STM32_USB_Device_Library/Core/Src/usbd_core.c.obj
                0x08007246                USBD_LL_IsoOUTIncomplete
 .text.USBD_LL_DevConnected
                0x08007274        0x4 CMakeFiles/Sentry_Edit.elf.dir/Middlewares/ST/STM32_USB_Device_Library/Core/Src/usbd_core.c.obj
                0x08007274                USBD_LL_DevConnected
 .text.USBD_LL_DevDisconnected
                0x08007278       0x20 CMakeFiles/Sentry_Edit.elf.dir/Middlewares/ST/STM32_USB_Device_Library/Core/Src/usbd_core.c.obj
                0x08007278                USBD_LL_DevDisconnected
 .text.USBD_CoreFindIF
                0x08007298        0x4 CMakeFiles/Sentry_Edit.elf.dir/Middlewares/ST/STM32_USB_Device_Library/Core/Src/usbd_core.c.obj
                0x08007298                USBD_CoreFindIF
 .text.USBD_CoreFindEP
                0x0800729c        0x4 CMakeFiles/Sentry_Edit.elf.dir/Middlewares/ST/STM32_USB_Device_Library/Core/Src/usbd_core.c.obj
                0x0800729c                USBD_CoreFindEP
 .text.USBD_LL_DataOutStage
                0x080072a0       0xc6 CMakeFiles/Sentry_Edit.elf.dir/Middlewares/ST/STM32_USB_Device_Library/Core/Src/usbd_core.c.obj
                0x080072a0                USBD_LL_DataOutStage
 .text.USBD_LL_DataInStage
                0x08007366       0xd6 CMakeFiles/Sentry_Edit.elf.dir/Middlewares/ST/STM32_USB_Device_Library/Core/Src/usbd_core.c.obj
                0x08007366                USBD_LL_DataInStage
 .text.USBD_GetNextDesc
                0x0800743c        0xe CMakeFiles/Sentry_Edit.elf.dir/Middlewares/ST/STM32_USB_Device_Library/Core/Src/usbd_core.c.obj
                0x0800743c                USBD_GetNextDesc
 .text.USBD_GetEpDesc
                0x0800744a       0x3e CMakeFiles/Sentry_Edit.elf.dir/Middlewares/ST/STM32_USB_Device_Library/Core/Src/usbd_core.c.obj
                0x0800744a                USBD_GetEpDesc
 .text.USBD_GetLen
                0x08007488       0x14 CMakeFiles/Sentry_Edit.elf.dir/Middlewares/ST/STM32_USB_Device_Library/Core/Src/usbd_ctlreq.c.obj
 .text.USBD_ParseSetupRequest
                0x0800749c       0x28 CMakeFiles/Sentry_Edit.elf.dir/Middlewares/ST/STM32_USB_Device_Library/Core/Src/usbd_ctlreq.c.obj
                0x0800749c                USBD_ParseSetupRequest
 .text.USBD_CtlError
                0x080074c4       0x14 CMakeFiles/Sentry_Edit.elf.dir/Middlewares/ST/STM32_USB_Device_Library/Core/Src/usbd_ctlreq.c.obj
                0x080074c4                USBD_CtlError
 .text.USBD_GetDescriptor
                0x080074d8      0x18a CMakeFiles/Sentry_Edit.elf.dir/Middlewares/ST/STM32_USB_Device_Library/Core/Src/usbd_ctlreq.c.obj
 .text.USBD_SetAddress
                0x08007662       0x50 CMakeFiles/Sentry_Edit.elf.dir/Middlewares/ST/STM32_USB_Device_Library/Core/Src/usbd_ctlreq.c.obj
 *fill*         0x080076b2        0x2 
 .text.USBD_SetConfig
                0x080076b4       0xcc CMakeFiles/Sentry_Edit.elf.dir/Middlewares/ST/STM32_USB_Device_Library/Core/Src/usbd_ctlreq.c.obj
 .text.USBD_GetConfig
                0x08007780       0x40 CMakeFiles/Sentry_Edit.elf.dir/Middlewares/ST/STM32_USB_Device_Library/Core/Src/usbd_ctlreq.c.obj
 .text.USBD_GetStatus
                0x080077c0       0x38 CMakeFiles/Sentry_Edit.elf.dir/Middlewares/ST/STM32_USB_Device_Library/Core/Src/usbd_ctlreq.c.obj
 .text.USBD_SetFeature
                0x080077f8       0x2a CMakeFiles/Sentry_Edit.elf.dir/Middlewares/ST/STM32_USB_Device_Library/Core/Src/usbd_ctlreq.c.obj
 .text.USBD_ClrFeature
                0x08007822       0x26 CMakeFiles/Sentry_Edit.elf.dir/Middlewares/ST/STM32_USB_Device_Library/Core/Src/usbd_ctlreq.c.obj
 .text.USBD_StdDevReq
                0x08007848       0x76 CMakeFiles/Sentry_Edit.elf.dir/Middlewares/ST/STM32_USB_Device_Library/Core/Src/usbd_ctlreq.c.obj
                0x08007848                USBD_StdDevReq
 .text.USBD_StdItfReq
                0x080078be       0x84 CMakeFiles/Sentry_Edit.elf.dir/Middlewares/ST/STM32_USB_Device_Library/Core/Src/usbd_ctlreq.c.obj
                0x080078be                USBD_StdItfReq
 .text.USBD_StdEPReq
                0x08007942      0x230 CMakeFiles/Sentry_Edit.elf.dir/Middlewares/ST/STM32_USB_Device_Library/Core/Src/usbd_ctlreq.c.obj
                0x08007942                USBD_StdEPReq
 .text.USBD_GetString
                0x08007b72       0x3a CMakeFiles/Sentry_Edit.elf.dir/Middlewares/ST/STM32_USB_Device_Library/Core/Src/usbd_ctlreq.c.obj
                0x08007b72                USBD_GetString
 .text.USBD_CtlSendData
                0x08007bac       0x1a CMakeFiles/Sentry_Edit.elf.dir/Middlewares/ST/STM32_USB_Device_Library/Core/Src/usbd_ioreq.c.obj
                0x08007bac                USBD_CtlSendData
 .text.USBD_CtlContinueSendData
                0x08007bc6       0x10 CMakeFiles/Sentry_Edit.elf.dir/Middlewares/ST/STM32_USB_Device_Library/Core/Src/usbd_ioreq.c.obj
                0x08007bc6                USBD_CtlContinueSendData
 .text.USBD_CtlPrepareRx
                0x08007bd6       0x1e CMakeFiles/Sentry_Edit.elf.dir/Middlewares/ST/STM32_USB_Device_Library/Core/Src/usbd_ioreq.c.obj
                0x08007bd6                USBD_CtlPrepareRx
 .text.USBD_CtlContinueRx
                0x08007bf4       0x10 CMakeFiles/Sentry_Edit.elf.dir/Middlewares/ST/STM32_USB_Device_Library/Core/Src/usbd_ioreq.c.obj
                0x08007bf4                USBD_CtlContinueRx
 .text.USBD_CtlSendStatus
                0x08007c04       0x16 CMakeFiles/Sentry_Edit.elf.dir/Middlewares/ST/STM32_USB_Device_Library/Core/Src/usbd_ioreq.c.obj
                0x08007c04                USBD_CtlSendStatus
 .text.USBD_CtlReceiveStatus
                0x08007c1a       0x16 CMakeFiles/Sentry_Edit.elf.dir/Middlewares/ST/STM32_USB_Device_Library/Core/Src/usbd_ioreq.c.obj
                0x08007c1a                USBD_CtlReceiveStatus
 .text.makeFreeRtosPriority
                0x08007c30        0xc CMakeFiles/Sentry_Edit.elf.dir/Middlewares/Third_Party/FreeRTOS/Source/CMSIS_RTOS/cmsis_os.c.obj
 .text.osKernelStart
                0x08007c3c        0xa CMakeFiles/Sentry_Edit.elf.dir/Middlewares/Third_Party/FreeRTOS/Source/CMSIS_RTOS/cmsis_os.c.obj
                0x08007c3c                osKernelStart
 .text.osThreadCreate
                0x08007c46       0x6a CMakeFiles/Sentry_Edit.elf.dir/Middlewares/Third_Party/FreeRTOS/Source/CMSIS_RTOS/cmsis_os.c.obj
                0x08007c46                osThreadCreate
 .text.osDelay  0x08007cb0        0xe CMakeFiles/Sentry_Edit.elf.dir/Middlewares/Third_Party/FreeRTOS/Source/CMSIS_RTOS/cmsis_os.c.obj
                0x08007cb0                osDelay
 .text.vListInitialise
                0x08007cbe       0x16 CMakeFiles/Sentry_Edit.elf.dir/Middlewares/Third_Party/FreeRTOS/Source/list.c.obj
                0x08007cbe                vListInitialise
 .text.vListInitialiseItem
                0x08007cd4        0x6 CMakeFiles/Sentry_Edit.elf.dir/Middlewares/Third_Party/FreeRTOS/Source/list.c.obj
                0x08007cd4                vListInitialiseItem
 .text.vListInsertEnd
                0x08007cda       0x16 CMakeFiles/Sentry_Edit.elf.dir/Middlewares/Third_Party/FreeRTOS/Source/list.c.obj
                0x08007cda                vListInsertEnd
 .text.vListInsert
                0x08007cf0       0x32 CMakeFiles/Sentry_Edit.elf.dir/Middlewares/Third_Party/FreeRTOS/Source/list.c.obj
                0x08007cf0                vListInsert
 .text.uxListRemove
                0x08007d22       0x26 CMakeFiles/Sentry_Edit.elf.dir/Middlewares/Third_Party/FreeRTOS/Source/list.c.obj
                0x08007d22                uxListRemove
 .text.prvTaskExitError
                0x08007d48       0x40 CMakeFiles/Sentry_Edit.elf.dir/Middlewares/Third_Party/FreeRTOS/Source/portable/GCC/ARM_CM4F/port.c.obj
 .text.prvPortStartFirstTask
                0x08007d88       0x28 CMakeFiles/Sentry_Edit.elf.dir/Middlewares/Third_Party/FreeRTOS/Source/portable/GCC/ARM_CM4F/port.c.obj
 .text.vPortEnableVFP
                0x08007db0       0x14 CMakeFiles/Sentry_Edit.elf.dir/Middlewares/Third_Party/FreeRTOS/Source/portable/GCC/ARM_CM4F/port.c.obj
 .text.pxPortInitialiseStack
                0x08007dc4       0x2c CMakeFiles/Sentry_Edit.elf.dir/Middlewares/Third_Party/FreeRTOS/Source/portable/GCC/ARM_CM4F/port.c.obj
                0x08007dc4                pxPortInitialiseStack
 .text.SVC_Handler
                0x08007df0       0x24 CMakeFiles/Sentry_Edit.elf.dir/Middlewares/Third_Party/FreeRTOS/Source/portable/GCC/ARM_CM4F/port.c.obj
                0x08007df0                SVC_Handler
 .text.vPortEnterCritical
                0x08007e14       0x44 CMakeFiles/Sentry_Edit.elf.dir/Middlewares/Third_Party/FreeRTOS/Source/portable/GCC/ARM_CM4F/port.c.obj
                0x08007e14                vPortEnterCritical
 .text.vPortExitCritical
                0x08007e58       0x2c CMakeFiles/Sentry_Edit.elf.dir/Middlewares/Third_Party/FreeRTOS/Source/portable/GCC/ARM_CM4F/port.c.obj
                0x08007e58                vPortExitCritical
 *fill*         0x08007e84        0xc 
 .text.PendSV_Handler
                0x08007e90       0x64 CMakeFiles/Sentry_Edit.elf.dir/Middlewares/Third_Party/FreeRTOS/Source/portable/GCC/ARM_CM4F/port.c.obj
                0x08007e90                PendSV_Handler
 .text.SysTick_Handler
                0x08007ef4       0x2c CMakeFiles/Sentry_Edit.elf.dir/Middlewares/Third_Party/FreeRTOS/Source/portable/GCC/ARM_CM4F/port.c.obj
                0x08007ef4                SysTick_Handler
 .text.vPortSetupTimerInterrupt
                0x08007f20       0x28 CMakeFiles/Sentry_Edit.elf.dir/Middlewares/Third_Party/FreeRTOS/Source/portable/GCC/ARM_CM4F/port.c.obj
                0x08007f20                vPortSetupTimerInterrupt
 .text.xPortStartScheduler
                0x08007f48      0x118 CMakeFiles/Sentry_Edit.elf.dir/Middlewares/Third_Party/FreeRTOS/Source/portable/GCC/ARM_CM4F/port.c.obj
                0x08007f48                xPortStartScheduler
 .text.vPortValidateInterruptPriority
                0x08008060       0x5c CMakeFiles/Sentry_Edit.elf.dir/Middlewares/Third_Party/FreeRTOS/Source/portable/GCC/ARM_CM4F/port.c.obj
                0x08008060                vPortValidateInterruptPriority
 .text.prvHeapInit
                0x080080bc       0x64 CMakeFiles/Sentry_Edit.elf.dir/Middlewares/Third_Party/FreeRTOS/Source/portable/MemMang/heap_4.c.obj
 .text.prvInsertBlockIntoFreeList
                0x08008120       0x64 CMakeFiles/Sentry_Edit.elf.dir/Middlewares/Third_Party/FreeRTOS/Source/portable/MemMang/heap_4.c.obj
 .text.pvPortMalloc
                0x08008184       0xfc CMakeFiles/Sentry_Edit.elf.dir/Middlewares/Third_Party/FreeRTOS/Source/portable/MemMang/heap_4.c.obj
                0x08008184                pvPortMalloc
 .text.vPortFree
                0x08008280       0x7c CMakeFiles/Sentry_Edit.elf.dir/Middlewares/Third_Party/FreeRTOS/Source/portable/MemMang/heap_4.c.obj
                0x08008280                vPortFree
 .text.prvIsQueueFull
                0x080082fc       0x1e CMakeFiles/Sentry_Edit.elf.dir/Middlewares/Third_Party/FreeRTOS/Source/queue.c.obj
 .text.prvIsQueueEmpty
                0x0800831a       0x1a CMakeFiles/Sentry_Edit.elf.dir/Middlewares/Third_Party/FreeRTOS/Source/queue.c.obj
 .text.prvCopyDataToQueue
                0x08008334       0x76 CMakeFiles/Sentry_Edit.elf.dir/Middlewares/Third_Party/FreeRTOS/Source/queue.c.obj
 .text.prvCopyDataFromQueue
                0x080083aa       0x24 CMakeFiles/Sentry_Edit.elf.dir/Middlewares/Third_Party/FreeRTOS/Source/queue.c.obj
 .text.prvUnlockQueue
                0x080083ce       0x6e CMakeFiles/Sentry_Edit.elf.dir/Middlewares/Third_Party/FreeRTOS/Source/queue.c.obj
 .text.xQueueGenericReset
                0x0800843c       0x84 CMakeFiles/Sentry_Edit.elf.dir/Middlewares/Third_Party/FreeRTOS/Source/queue.c.obj
                0x0800843c                xQueueGenericReset
 .text.prvInitialiseNewQueue
                0x080084c0       0x1c CMakeFiles/Sentry_Edit.elf.dir/Middlewares/Third_Party/FreeRTOS/Source/queue.c.obj
 .text.xQueueGenericCreateStatic
                0x080084dc       0x94 CMakeFiles/Sentry_Edit.elf.dir/Middlewares/Third_Party/FreeRTOS/Source/queue.c.obj
                0x080084dc                xQueueGenericCreateStatic
 .text.xQueueGenericSend
                0x08008570      0x188 CMakeFiles/Sentry_Edit.elf.dir/Middlewares/Third_Party/FreeRTOS/Source/queue.c.obj
                0x08008570                xQueueGenericSend
 .text.xQueueGenericSendFromISR
                0x080086f8       0xce CMakeFiles/Sentry_Edit.elf.dir/Middlewares/Third_Party/FreeRTOS/Source/queue.c.obj
                0x080086f8                xQueueGenericSendFromISR
 .text.xQueueReceive
                0x080087c6      0x15e CMakeFiles/Sentry_Edit.elf.dir/Middlewares/Third_Party/FreeRTOS/Source/queue.c.obj
                0x080087c6                xQueueReceive
 .text.vQueueAddToRegistry
                0x08008924       0x28 CMakeFiles/Sentry_Edit.elf.dir/Middlewares/Third_Party/FreeRTOS/Source/queue.c.obj
                0x08008924                vQueueAddToRegistry
 .text.vQueueWaitForMessageRestricted
                0x0800894c       0x52 CMakeFiles/Sentry_Edit.elf.dir/Middlewares/Third_Party/FreeRTOS/Source/queue.c.obj
                0x0800894c                vQueueWaitForMessageRestricted
 *fill*         0x0800899e        0x2 
 .text.prvResetNextTaskUnblockTime
                0x080089a0       0x2c CMakeFiles/Sentry_Edit.elf.dir/Middlewares/Third_Party/FreeRTOS/Source/tasks.c.obj
 .text.prvInitialiseNewTask
                0x080089cc      0x10a CMakeFiles/Sentry_Edit.elf.dir/Middlewares/Third_Party/FreeRTOS/Source/tasks.c.obj
 *fill*         0x08008ad6        0x2 
 .text.prvInitialiseTaskLists
                0x08008ad8       0x68 CMakeFiles/Sentry_Edit.elf.dir/Middlewares/Third_Party/FreeRTOS/Source/tasks.c.obj
 .text.prvAddNewTaskToReadyList
                0x08008b40       0xa8 CMakeFiles/Sentry_Edit.elf.dir/Middlewares/Third_Party/FreeRTOS/Source/tasks.c.obj
 .text.prvDeleteTCB
                0x08008be8       0x40 CMakeFiles/Sentry_Edit.elf.dir/Middlewares/Third_Party/FreeRTOS/Source/tasks.c.obj
 .text.prvCheckTasksWaitingTermination
                0x08008c28       0x4c CMakeFiles/Sentry_Edit.elf.dir/Middlewares/Third_Party/FreeRTOS/Source/tasks.c.obj
 .text.prvIdleTask
                0x08008c74       0x28 CMakeFiles/Sentry_Edit.elf.dir/Middlewares/Third_Party/FreeRTOS/Source/tasks.c.obj
 .text.prvAddCurrentTaskToDelayedList
                0x08008c9c       0xa0 CMakeFiles/Sentry_Edit.elf.dir/Middlewares/Third_Party/FreeRTOS/Source/tasks.c.obj
 .text.xTaskCreateStatic
                0x08008d3c       0x7a CMakeFiles/Sentry_Edit.elf.dir/Middlewares/Third_Party/FreeRTOS/Source/tasks.c.obj
                0x08008d3c                xTaskCreateStatic
 .text.xTaskCreate
                0x08008db6       0x6a CMakeFiles/Sentry_Edit.elf.dir/Middlewares/Third_Party/FreeRTOS/Source/tasks.c.obj
                0x08008db6                xTaskCreate
 .text.vTaskStartScheduler
                0x08008e20       0xac CMakeFiles/Sentry_Edit.elf.dir/Middlewares/Third_Party/FreeRTOS/Source/tasks.c.obj
                0x08008e20                vTaskStartScheduler
 .text.vTaskSuspendAll
                0x08008ecc       0x10 CMakeFiles/Sentry_Edit.elf.dir/Middlewares/Third_Party/FreeRTOS/Source/tasks.c.obj
                0x08008ecc                vTaskSuspendAll
 .text.xTaskGetTickCount
                0x08008edc        0xc CMakeFiles/Sentry_Edit.elf.dir/Middlewares/Third_Party/FreeRTOS/Source/tasks.c.obj
                0x08008edc                xTaskGetTickCount
 .text.xTaskIncrementTick
                0x08008ee8      0x118 CMakeFiles/Sentry_Edit.elf.dir/Middlewares/Third_Party/FreeRTOS/Source/tasks.c.obj
                0x08008ee8                xTaskIncrementTick
 .text.xTaskResumeAll
                0x08009000       0xf8 CMakeFiles/Sentry_Edit.elf.dir/Middlewares/Third_Party/FreeRTOS/Source/tasks.c.obj
                0x08009000                xTaskResumeAll
 .text.vTaskDelay
                0x080090f8       0x4c CMakeFiles/Sentry_Edit.elf.dir/Middlewares/Third_Party/FreeRTOS/Source/tasks.c.obj
                0x080090f8                vTaskDelay
 .text.vTaskSwitchContext
                0x08009144       0xa4 CMakeFiles/Sentry_Edit.elf.dir/Middlewares/Third_Party/FreeRTOS/Source/tasks.c.obj
                0x08009144                vTaskSwitchContext
 .text.vTaskPlaceOnEventList
                0x080091e8       0x30 CMakeFiles/Sentry_Edit.elf.dir/Middlewares/Third_Party/FreeRTOS/Source/tasks.c.obj
                0x080091e8                vTaskPlaceOnEventList
 .text.vTaskPlaceOnEventListRestricted
                0x08009218       0x38 CMakeFiles/Sentry_Edit.elf.dir/Middlewares/Third_Party/FreeRTOS/Source/tasks.c.obj
                0x08009218                vTaskPlaceOnEventListRestricted
 .text.xTaskRemoveFromEventList
                0x08009250       0x8c CMakeFiles/Sentry_Edit.elf.dir/Middlewares/Third_Party/FreeRTOS/Source/tasks.c.obj
                0x08009250                xTaskRemoveFromEventList
 .text.vTaskInternalSetTimeOutState
                0x080092dc       0x18 CMakeFiles/Sentry_Edit.elf.dir/Middlewares/Third_Party/FreeRTOS/Source/tasks.c.obj
                0x080092dc                vTaskInternalSetTimeOutState
 .text.xTaskCheckForTimeOut
                0x080092f4       0xa0 CMakeFiles/Sentry_Edit.elf.dir/Middlewares/Third_Party/FreeRTOS/Source/tasks.c.obj
                0x080092f4                xTaskCheckForTimeOut
 .text.vTaskMissedYield
                0x08009394        0xc CMakeFiles/Sentry_Edit.elf.dir/Middlewares/Third_Party/FreeRTOS/Source/tasks.c.obj
                0x08009394                vTaskMissedYield
 .text.xTaskGetSchedulerState
                0x080093a0       0x20 CMakeFiles/Sentry_Edit.elf.dir/Middlewares/Third_Party/FreeRTOS/Source/tasks.c.obj
                0x080093a0                xTaskGetSchedulerState
 .text.xTaskPriorityDisinherit
                0x080093c0       0xb4 CMakeFiles/Sentry_Edit.elf.dir/Middlewares/Third_Party/FreeRTOS/Source/tasks.c.obj
                0x080093c0                xTaskPriorityDisinherit
 .text.prvGetNextExpireTime
                0x08009474       0x20 CMakeFiles/Sentry_Edit.elf.dir/Middlewares/Third_Party/FreeRTOS/Source/timers.c.obj
 .text.prvInsertTimerInActiveList
                0x08009494       0x48 CMakeFiles/Sentry_Edit.elf.dir/Middlewares/Third_Party/FreeRTOS/Source/timers.c.obj
 .text.prvCheckForValidListAndQueue
                0x080094dc       0x70 CMakeFiles/Sentry_Edit.elf.dir/Middlewares/Third_Party/FreeRTOS/Source/timers.c.obj
 .text.xTimerCreateTimerTask
                0x0800954c       0x64 CMakeFiles/Sentry_Edit.elf.dir/Middlewares/Third_Party/FreeRTOS/Source/timers.c.obj
                0x0800954c                xTimerCreateTimerTask
 .text.xTimerGenericCommand
                0x080095b0       0x6c CMakeFiles/Sentry_Edit.elf.dir/Middlewares/Third_Party/FreeRTOS/Source/timers.c.obj
                0x080095b0                xTimerGenericCommand
 .text.prvSwitchTimerLists
                0x0800961c       0x7c CMakeFiles/Sentry_Edit.elf.dir/Middlewares/Third_Party/FreeRTOS/Source/timers.c.obj
 .text.prvSampleTimeNow
                0x08009698       0x2c CMakeFiles/Sentry_Edit.elf.dir/Middlewares/Third_Party/FreeRTOS/Source/timers.c.obj
 .text.prvProcessExpiredTimer
                0x080096c4       0x6c CMakeFiles/Sentry_Edit.elf.dir/Middlewares/Third_Party/FreeRTOS/Source/timers.c.obj
 .text.prvProcessTimerOrBlockTask
                0x08009730       0x74 CMakeFiles/Sentry_Edit.elf.dir/Middlewares/Third_Party/FreeRTOS/Source/timers.c.obj
 .text.prvProcessReceivedCommands
                0x080097a4      0x10c CMakeFiles/Sentry_Edit.elf.dir/Middlewares/Third_Party/FreeRTOS/Source/timers.c.obj
 .text.prvTimerTask
                0x080098b0       0x16 CMakeFiles/Sentry_Edit.elf.dir/Middlewares/Third_Party/FreeRTOS/Source/timers.c.obj
 *fill*         0x080098c6        0x2 
 .text.buzzer_on
                0x080098c8       0x14 CMakeFiles/Sentry_Edit.elf.dir/TASK/Buzzer_task.c.obj
                0x080098c8                buzzer_on
 .text.buzzer_off
                0x080098dc       0x10 CMakeFiles/Sentry_Edit.elf.dir/TASK/Buzzer_task.c.obj
                0x080098dc                buzzer_off
 .text.caculate_arr
                0x080098ec        0xc CMakeFiles/Sentry_Edit.elf.dir/TASK/Buzzer_task.c.obj
                0x080098ec                caculate_arr
 .text.di       0x080098f8       0x24 CMakeFiles/Sentry_Edit.elf.dir/TASK/Buzzer_task.c.obj
                0x080098f8                di
 .text.Windows_XP
                0x0800991c      0x110 CMakeFiles/Sentry_Edit.elf.dir/TASK/Buzzer_task.c.obj
                0x0800991c                Windows_XP
 .text.part1    0x08009a2c       0xe8 CMakeFiles/Sentry_Edit.elf.dir/TASK/Buzzer_task.c.obj
                0x08009a2c                part1
 .text.part2    0x08009b14      0x168 CMakeFiles/Sentry_Edit.elf.dir/TASK/Buzzer_task.c.obj
                0x08009b14                part2
 .text.part3    0x08009c7c      0x1a8 CMakeFiles/Sentry_Edit.elf.dir/TASK/Buzzer_task.c.obj
                0x08009c7c                part3
 .text.Funky_town
                0x08009e24       0x28 CMakeFiles/Sentry_Edit.elf.dir/TASK/Buzzer_task.c.obj
                0x08009e24                Funky_town
 .text.trace    0x08009e4c       0x12 CMakeFiles/Sentry_Edit.elf.dir/TASK/Buzzer_task.c.obj
                0x08009e4c                trace
 *fill*         0x08009e5e        0x2 
 .text.warning  0x08009e60       0x5c CMakeFiles/Sentry_Edit.elf.dir/TASK/Buzzer_task.c.obj
                0x08009e60                warning
 .text.DJI      0x08009ebc       0x64 CMakeFiles/Sentry_Edit.elf.dir/TASK/Buzzer_task.c.obj
                0x08009ebc                DJI
 .text.Buzzer_task
                0x08009f20       0x68 CMakeFiles/Sentry_Edit.elf.dir/TASK/Buzzer_task.c.obj
                0x08009f20                Buzzer_task
 .text.Chassis_kinematics_calc
                0x08009f88       0x78 CMakeFiles/Sentry_Edit.elf.dir/TASK/Chassis_task.c.obj
                0x08009f88                Chassis_kinematics_calc
 .text.power_control
                0x0800a000      0x1f8 CMakeFiles/Sentry_Edit.elf.dir/TASK/Chassis_task.c.obj
                0x0800a000                power_control
 .text.first_order_filter_init
                0x0800a1f8       0x10 CMakeFiles/Sentry_Edit.elf.dir/TASK/Chassis_task.c.obj
                0x0800a1f8                first_order_filter_init
 .text.first_order_filter_cali
                0x0800a208       0x2e CMakeFiles/Sentry_Edit.elf.dir/TASK/Chassis_task.c.obj
                0x0800a208                first_order_filter_cali
 *fill*         0x0800a236        0x2 
 .text.Chassis_Data_update
                0x0800a238      0x1f0 CMakeFiles/Sentry_Edit.elf.dir/TASK/Chassis_task.c.obj
                0x0800a238                Chassis_Data_update
 .text.Chassis_task
                0x0800a428      0x160 CMakeFiles/Sentry_Edit.elf.dir/TASK/Chassis_task.c.obj
                0x0800a428                Chassis_task
 .text.Detect_left_task
                0x0800a588       0xc8 CMakeFiles/Sentry_Edit.elf.dir/TASK/Detect_left_task.c.obj
                0x0800a588                Detect_left_task
 .text.Detect_right_task
                0x0800a650       0xc8 CMakeFiles/Sentry_Edit.elf.dir/TASK/Detect_right_task.c.obj
                0x0800a650                Detect_right_task
 .text.Gimbal_Motor_init
                0x0800a718      0x2c8 CMakeFiles/Sentry_Edit.elf.dir/TASK/Gimbal_task.c.obj
                0x0800a718                Gimbal_Motor_init
 .text.Calc_output
                0x0800a9e0      0x114 CMakeFiles/Sentry_Edit.elf.dir/TASK/Gimbal_task.c.obj
                0x0800a9e0                Calc_output
 .text.constrain
                0x0800aaf4       0x2a CMakeFiles/Sentry_Edit.elf.dir/TASK/Gimbal_task.c.obj
                0x0800aaf4                constrain
 *fill*         0x0800ab1e        0x2 
 .text.limit_sqrt
                0x0800ab20       0x18 CMakeFiles/Sentry_Edit.elf.dir/TASK/Gimbal_task.c.obj
                0x0800ab20                limit_sqrt
 .text.limit_acos
                0x0800ab38       0x2a CMakeFiles/Sentry_Edit.elf.dir/TASK/Gimbal_task.c.obj
                0x0800ab38                limit_acos
 *fill*         0x0800ab62        0x2 
 .text.rad      0x0800ab64       0x10 CMakeFiles/Sentry_Edit.elf.dir/TASK/Gimbal_task.c.obj
                0x0800ab64                rad
 .text.angle    0x0800ab74       0x10 CMakeFiles/Sentry_Edit.elf.dir/TASK/Gimbal_task.c.obj
                0x0800ab74                angle
 .text.Gimbal_Data_update
                0x0800ab84      0xb9c CMakeFiles/Sentry_Edit.elf.dir/TASK/Gimbal_task.c.obj
                0x0800ab84                Gimbal_Data_update
 .text.Gimbal_task
                0x0800b720      0x178 CMakeFiles/Sentry_Edit.elf.dir/TASK/Gimbal_task.c.obj
                0x0800b720                Gimbal_task
 .text.IMU_Param_Correction
                0x0800b898      0x2c8 CMakeFiles/Sentry_Edit.elf.dir/TASK/INS_task.c.obj
 .text.INS_Init
                0x0800bb60       0xc4 CMakeFiles/Sentry_Edit.elf.dir/TASK/INS_task.c.obj
                0x0800bb60                INS_Init
 .text.BodyFrameToEarthFrame
                0x0800bc24      0x126 CMakeFiles/Sentry_Edit.elf.dir/TASK/INS_task.c.obj
                0x0800bc24                BodyFrameToEarthFrame
 .text.EarthFrameToBodyFrame
                0x0800bd4a      0x126 CMakeFiles/Sentry_Edit.elf.dir/TASK/INS_task.c.obj
                0x0800bd4a                EarthFrameToBodyFrame
 .text.IMU_Temperature_Ctrl
                0x0800be70       0x60 CMakeFiles/Sentry_Edit.elf.dir/TASK/INS_task.c.obj
                0x0800be70                IMU_Temperature_Ctrl
 .text.INS_Task
                0x0800bed0      0x1e8 CMakeFiles/Sentry_Edit.elf.dir/TASK/INS_task.c.obj
                0x0800bed0                INS_Task
 .text.Navigation_info_send
                0x0800c0b8       0x70 CMakeFiles/Sentry_Edit.elf.dir/TASK/Information_task.c.obj
                0x0800c0b8                Navigation_info_send
 .text.SoftReset
                0x0800c128       0x28 CMakeFiles/Sentry_Edit.elf.dir/TASK/Information_task.c.obj
                0x0800c128                SoftReset
 .text.Set_Mode
                0x0800c150       0x38 CMakeFiles/Sentry_Edit.elf.dir/TASK/Information_task.c.obj
                0x0800c150                Set_Mode
 .text.Information_task
                0x0800c188      0x120 CMakeFiles/Sentry_Edit.elf.dir/TASK/Information_task.c.obj
                0x0800c188                Information_task
 .text.referee_unpack_fifo_data
                0x0800c2a8      0x17c CMakeFiles/Sentry_Edit.elf.dir/TASK/Referee_usart_task.c.obj
 .text.referee_usart_task
                0x0800c424       0x38 CMakeFiles/Sentry_Edit.elf.dir/TASK/Referee_usart_task.c.obj
                0x0800c424                referee_usart_task
 .text.USART6_IRQHandler
                0x0800c45c       0xd0 CMakeFiles/Sentry_Edit.elf.dir/TASK/Referee_usart_task.c.obj
                0x0800c45c                USART6_IRQHandler
 .text.Shoot_task
                0x0800c52c      0x230 CMakeFiles/Sentry_Edit.elf.dir/TASK/Shoot_task.c.obj
                0x0800c52c                Shoot_task
 .text.Super_cap_Task
                0x0800c75c       0x38 CMakeFiles/Sentry_Edit.elf.dir/TASK/Super_cap_Task.c.obj
                0x0800c75c                Super_cap_Task
 .text.USB_task
                0x0800c794       0x1e CMakeFiles/Sentry_Edit.elf.dir/TASK/USB_task.c.obj
                0x0800c794                USB_task
 *fill*         0x0800c7b2        0x2 
 .text.MX_USB_DEVICE_Init
                0x0800c7b4       0x54 CMakeFiles/Sentry_Edit.elf.dir/USB_DEVICE/App/usb_device.c.obj
                0x0800c7b4                MX_USB_DEVICE_Init
 .text.CDC_DeInit_FS
                0x0800c808        0x4 CMakeFiles/Sentry_Edit.elf.dir/USB_DEVICE/App/usbd_cdc_if.c.obj
 .text.CDC_Control_FS
                0x0800c80c        0x4 CMakeFiles/Sentry_Edit.elf.dir/USB_DEVICE/App/usbd_cdc_if.c.obj
 .text.CDC_TransmitCplt_FS
                0x0800c810        0x4 CMakeFiles/Sentry_Edit.elf.dir/USB_DEVICE/App/usbd_cdc_if.c.obj
 .text.CDC_Receive_FS
                0x0800c814       0x1c CMakeFiles/Sentry_Edit.elf.dir/USB_DEVICE/App/usbd_cdc_if.c.obj
 .text.CDC_Init_FS
                0x0800c830       0x28 CMakeFiles/Sentry_Edit.elf.dir/USB_DEVICE/App/usbd_cdc_if.c.obj
 .text.CDC_Transmit_FS
                0x0800c858       0x2c CMakeFiles/Sentry_Edit.elf.dir/USB_DEVICE/App/usbd_cdc_if.c.obj
                0x0800c858                CDC_Transmit_FS
 .text.USBD_FS_DeviceDescriptor
                0x0800c884        0xc CMakeFiles/Sentry_Edit.elf.dir/USB_DEVICE/App/usbd_desc.c.obj
                0x0800c884                USBD_FS_DeviceDescriptor
 .text.USBD_FS_LangIDStrDescriptor
                0x0800c890        0xc CMakeFiles/Sentry_Edit.elf.dir/USB_DEVICE/App/usbd_desc.c.obj
                0x0800c890                USBD_FS_LangIDStrDescriptor
 .text.IntToUnicode
                0x0800c89c       0x46 CMakeFiles/Sentry_Edit.elf.dir/USB_DEVICE/App/usbd_desc.c.obj
 *fill*         0x0800c8e2        0x2 
 .text.Get_SerialNum
                0x0800c8e4       0x38 CMakeFiles/Sentry_Edit.elf.dir/USB_DEVICE/App/usbd_desc.c.obj
 .text.USBD_FS_SerialStrDescriptor
                0x0800c91c       0x14 CMakeFiles/Sentry_Edit.elf.dir/USB_DEVICE/App/usbd_desc.c.obj
                0x0800c91c                USBD_FS_SerialStrDescriptor
 .text.USBD_FS_ProductStrDescriptor
                0x0800c930       0x24 CMakeFiles/Sentry_Edit.elf.dir/USB_DEVICE/App/usbd_desc.c.obj
                0x0800c930                USBD_FS_ProductStrDescriptor
 .text.USBD_FS_ManufacturerStrDescriptor
                0x0800c954       0x1c CMakeFiles/Sentry_Edit.elf.dir/USB_DEVICE/App/usbd_desc.c.obj
                0x0800c954                USBD_FS_ManufacturerStrDescriptor
 .text.USBD_FS_ConfigStrDescriptor
                0x0800c970       0x24 CMakeFiles/Sentry_Edit.elf.dir/USB_DEVICE/App/usbd_desc.c.obj
                0x0800c970                USBD_FS_ConfigStrDescriptor
 .text.USBD_FS_InterfaceStrDescriptor
                0x0800c994       0x24 CMakeFiles/Sentry_Edit.elf.dir/USB_DEVICE/App/usbd_desc.c.obj
                0x0800c994                USBD_FS_InterfaceStrDescriptor
 .text.HAL_PCD_MspInit
                0x0800c9b8       0x84 CMakeFiles/Sentry_Edit.elf.dir/USB_DEVICE/Target/usbd_conf.c.obj
                0x0800c9b8                HAL_PCD_MspInit
 .text.HAL_PCD_SetupStageCallback
                0x0800ca3c       0x10 CMakeFiles/Sentry_Edit.elf.dir/USB_DEVICE/Target/usbd_conf.c.obj
                0x0800ca3c                HAL_PCD_SetupStageCallback
 .text.HAL_PCD_DataOutStageCallback
                0x0800ca4c       0x18 CMakeFiles/Sentry_Edit.elf.dir/USB_DEVICE/Target/usbd_conf.c.obj
                0x0800ca4c                HAL_PCD_DataOutStageCallback
 .text.HAL_PCD_DataInStageCallback
                0x0800ca64       0x16 CMakeFiles/Sentry_Edit.elf.dir/USB_DEVICE/Target/usbd_conf.c.obj